::ffff:192.168.100.249 - - [12/May/2016:05:25:42 +0000] "GET /mobius-yt/ae-1 HTTP/1.1" 200 - "-" "Mozilla/5.0 (Windows NT 6.1; WOW64) AppleWebKit/537.36 (KHTML, like Gecko) Chrome/50.0.2661.94 Safari/537.36"
::ffff:192.168.100.249 - - [12/May/2016:05:26:06 +0000] "PUT /mobius-yt/ae-1 HTTP/1.1" 200 - "-" "Mozilla/5.0 (Windows NT 6.1; WOW64) AppleWebKit/537.36 (KHTML, like Gecko) Chrome/50.0.2661.94 Safari/537.36"
::ffff:192.168.100.249 - - [12/May/2016:05:26:38 +0000] "POST /mobius-yt/ae-1 HTTP/1.1" 201 - "-" "Mozilla/5.0 (Windows NT 6.1; WOW64) AppleWebKit/537.36 (KHTML, like Gecko) Chrome/50.0.2661.94 Safari/537.36"
::ffff:192.168.100.249 - - [12/May/2016:05:26:45 +0000] "POST /mobius-yt/ae-1 HTTP/1.1" 201 - "-" "Mozilla/5.0 (Windows NT 6.1; WOW64) AppleWebKit/537.36 (KHTML, like Gecko) Chrome/50.0.2661.94 Safari/537.36"
::ffff:192.168.100.249 - - [12/May/2016:05:26:49 +0000] "POST /mobius-yt/ae-1 HTTP/1.1" 201 - "-" "Mozilla/5.0 (Windows NT 6.1; WOW64) AppleWebKit/537.36 (KHTML, like Gecko) Chrome/50.0.2661.94 Safari/537.36"
::ffff:192.168.100.249 - - [12/May/2016:05:27:01 +0000] "PUT /mobius-yt/ae-1/c1 HTTP/1.1" 200 - "-" "Mozilla/5.0 (Windows NT 6.1; WOW64) AppleWebKit/537.36 (KHTML, like Gecko) Chrome/50.0.2661.94 Safari/537.36"
::ffff:192.168.100.249 - - [12/May/2016:05:27:11 +0000] "GET /mobius-yt/ae-1/c3 HTTP/1.1" 200 - "-" "Mozilla/5.0 (Windows NT 6.1; WOW64) AppleWebKit/537.36 (KHTML, like Gecko) Chrome/50.0.2661.94 Safari/537.36"
::ffff:192.168.100.249 - - [12/May/2016:05:27:19 +0000] "GET /mobius-yt/ae-1/c3 HTTP/1.1" 200 - "-" "Mozilla/5.0 (Windows NT 6.1; WOW64) AppleWebKit/537.36 (KHTML, like Gecko) Chrome/50.0.2661.94 Safari/537.36"
::ffff:192.168.100.249 - - [12/May/2016:05:27:32 +0000] "POST /mobius-yt/ae-1/c1 HTTP/1.1" 201 - "-" "Mozilla/5.0 (Windows NT 6.1; WOW64) AppleWebKit/537.36 (KHTML, like Gecko) Chrome/50.0.2661.94 Safari/537.36"
::ffff:192.168.100.249 - - [12/May/2016:05:27:49 +0000] "PUT /mobius-yt/ae-1/c1 HTTP/1.1" 200 - "-" "Mozilla/5.0 (Windows NT 6.1; WOW64) AppleWebKit/537.36 (KHTML, like Gecko) Chrome/50.0.2661.94 Safari/537.36"
::ffff:192.168.100.249 - - [12/May/2016:05:28:06 +0000] "GET /mobius-yt/ae-1/c3/la HTTP/1.1" 404 - "-" "Mozilla/5.0 (Windows NT 6.1; WOW64) AppleWebKit/537.36 (KHTML, like Gecko) Chrome/50.0.2661.94 Safari/537.36"
::ffff:192.168.100.249 - - [12/May/2016:05:28:41 +0000] "GET /mobius-yt/ae-1/c1/la HTTP/1.1" 404 - "-" "Mozilla/5.0 (Windows NT 6.1; WOW64) AppleWebKit/537.36 (KHTML, like Gecko) Chrome/50.0.2661.94 Safari/537.36"
::1 - - [12/May/2016:05:29:03 +0000] "GET /mobius-yt/ae-1/c1/la HTTP/1.1" 404 - "-" "Mozilla/5.0 (Windows NT 10.0; WOW64) AppleWebKit/537.36 (KHTML, like Gecko) Chrome/50.0.2661.94 Safari/537.36"
::1 - - [12/May/2016:05:29:07 +0000] "GET /mobius-yt/ae-1/c1/latest HTTP/1.1" 404 - "-" "Mozilla/5.0 (Windows NT 10.0; WOW64) AppleWebKit/537.36 (KHTML, like Gecko) Chrome/50.0.2661.94 Safari/537.36"
::1 - - [12/May/2016:05:29:31 +0000] "GET /mobius-yt/ae-1/c1 HTTP/1.1" 200 - "-" "Mozilla/5.0 (Windows NT 10.0; WOW64) AppleWebKit/537.36 (KHTML, like Gecko) Chrome/50.0.2661.94 Safari/537.36"
::1 - - [12/May/2016:05:29:56 +0000] "GET /mobius-yt/ae-1/c1 HTTP/1.1" 200 - "-" "Mozilla/5.0 (Windows NT 10.0; WOW64) AppleWebKit/537.36 (KHTML, like Gecko) Chrome/50.0.2661.94 Safari/537.36"
::ffff:192.168.100.249 - - [12/May/2016:05:30:00 +0000] "GET /mobius-yt/ae-1/c1?rcn=5 HTTP/1.1" 200 - "-" "Mozilla/5.0 (Windows NT 6.1; WOW64) AppleWebKit/537.36 (KHTML, like Gecko) Chrome/50.0.2661.94 Safari/537.36"
::ffff:192.168.100.249 - - [12/May/2016:05:30:38 +0000] "GET /mobius-yt/ae-1/c1 HTTP/1.1" 200 - "-" "Mozilla/5.0 (Windows NT 6.1; WOW64) AppleWebKit/537.36 (KHTML, like Gecko) Chrome/50.0.2661.94 Safari/537.36"
::ffff:192.168.100.249 - - [12/May/2016:05:31:00 +0000] "GET /mobius-yt/ae-1/c1?rcn=5 HTTP/1.1" 200 - "-" "Mozilla/5.0 (Windows NT 6.1; WOW64) AppleWebKit/537.36 (KHTML, like Gecko) Chrome/50.0.2661.94 Safari/537.36"
::1 - - [12/May/2016:05:31:27 +0000] "GET /mobius-yt/ae-1/c1?rcn=5 HTTP/1.1" 200 - "-" "Mozilla/5.0 (Windows NT 10.0; WOW64) AppleWebKit/537.36 (KHTML, like Gecko) Chrome/50.0.2661.94 Safari/537.36"
::1 - - [12/May/2016:05:32:00 +0000] "GET /mobius-yt/ae-1/c1?rc=5 HTTP/1.1" 200 - "-" "Mozilla/5.0 (Windows NT 10.0; WOW64) AppleWebKit/537.36 (KHTML, like Gecko) Chrome/50.0.2661.94 Safari/537.36"
::ffff:192.168.100.249 - - [12/May/2016:05:32:14 +0000] "GET /mobius-yt/ae-1?rcn=5 HTTP/1.1" 200 - "-" "Mozilla/5.0 (Windows NT 6.1; WOW64) AppleWebKit/537.36 (KHTML, like Gecko) Chrome/50.0.2661.94 Safari/537.36"
::ffff:192.168.100.249 - - [12/May/2016:05:33:12 +0000] "GET /mobius-yt/ae-1 HTTP/1.1" 200 - "-" "Mozilla/5.0 (Windows NT 6.1; WOW64) AppleWebKit/537.36 (KHTML, like Gecko) Chrome/50.0.2661.94 Safari/537.36"
::ffff:192.168.100.249 - - [12/May/2016:05:33:30 +0000] "GET /mobius-yt/ae-1?rcn=5 HTTP/1.1" 200 - "-" "Mozilla/5.0 (Windows NT 6.1; WOW64) AppleWebKit/537.36 (KHTML, like Gecko) Chrome/50.0.2661.94 Safari/537.36"
::1 - - [12/May/2016:05:33:43 +0000] "GET /mobius-yt/ae-1?rc=5 HTTP/1.1" 200 - "-" "Mozilla/5.0 (Windows NT 10.0; WOW64) AppleWebKit/537.36 (KHTML, like Gecko) Chrome/50.0.2661.94 Safari/537.36"
::ffff:192.168.100.249 - - [12/May/2016:05:34:51 +0000] "GET /mobius-yt/ae-1 HTTP/1.1" 200 - "-" "Mozilla/5.0 (Windows NT 6.1; WOW64) AppleWebKit/537.36 (KHTML, like Gecko) Chrome/50.0.2661.94 Safari/537.36"
::1 - - [12/May/2016:05:35:16 +0000] "GET /mobius-yt/ae-1?rc=5 HTTP/1.1" 200 - "-" "Mozilla/5.0 (Windows NT 10.0; WOW64) AppleWebKit/537.36 (KHTML, like Gecko) Chrome/50.0.2661.94 Safari/537.36"
::ffff:192.168.100.249 - - [12/May/2016:05:40:55 +0000] "POST /mobius-yt/ae-1/c1 HTTP/1.1" 201 - "-" "Mozilla/5.0 (Windows NT 6.1; WOW64) AppleWebKit/537.36 (KHTML, like Gecko) Chrome/50.0.2661.94 Safari/537.36"
::ffff:192.168.100.249 - - [12/May/2016:05:41:08 +0000] "GET /mobius-yt/ae-1/c1/la HTTP/1.1" 200 - "-" "Mozilla/5.0 (Windows NT 6.1; WOW64) AppleWebKit/537.36 (KHTML, like Gecko) Chrome/50.0.2661.94 Safari/537.36"
::ffff:192.168.100.249 - - [12/May/2016:05:41:13 +0000] "GET /mobius-yt/ae-1/c1/ol HTTP/1.1" 200 - "-" "Mozilla/5.0 (Windows NT 6.1; WOW64) AppleWebKit/537.36 (KHTML, like Gecko) Chrome/50.0.2661.94 Safari/537.36"
::ffff:192.168.100.249 - - [12/May/2016:05:41:16 +0000] "GET /mobius-yt/ae-1/c1/ol HTTP/1.1" 200 - "-" "Mozilla/5.0 (Windows NT 6.1; WOW64) AppleWebKit/537.36 (KHTML, like Gecko) Chrome/50.0.2661.94 Safari/537.36"
::ffff:192.168.100.249 - - [12/May/2016:05:41:50 +0000] "POST /mobius-yt/ae-1/c1 HTTP/1.1" 201 - "-" "Mozilla/5.0 (Windows NT 6.1; WOW64) AppleWebKit/537.36 (KHTML, like Gecko) Chrome/50.0.2661.94 Safari/537.36"
::ffff:192.168.100.249 - - [12/May/2016:05:41:55 +0000] "GET /mobius-yt/ae-1/c1/ol HTTP/1.1" 200 - "-" "Mozilla/5.0 (Windows NT 6.1; WOW64) AppleWebKit/537.36 (KHTML, like Gecko) Chrome/50.0.2661.94 Safari/537.36"
::ffff:192.168.100.249 - - [12/May/2016:05:41:59 +0000] "GET /mobius-yt/ae-1/c1/la HTTP/1.1" 200 - "-" "Mozilla/5.0 (Windows NT 6.1; WOW64) AppleWebKit/537.36 (KHTML, like Gecko) Chrome/50.0.2661.94 Safari/537.36"
::ffff:192.168.100.249 - - [12/May/2016:05:42:06 +0000] "POST /mobius-yt/ae-1/c1 HTTP/1.1" 201 - "-" "Mozilla/5.0 (Windows NT 6.1; WOW64) AppleWebKit/537.36 (KHTML, like Gecko) Chrome/50.0.2661.94 Safari/537.36"
::ffff:192.168.100.249 - - [12/May/2016:05:42:18 +0000] "DELETE /mobius-yt/ae-1/c1/ol HTTP/1.1" 200 - "-" "Mozilla/5.0 (Windows NT 6.1; WOW64) AppleWebKit/537.36 (KHTML, like Gecko) Chrome/50.0.2661.94 Safari/537.36"
::ffff:192.168.100.249 - - [12/May/2016:05:42:25 +0000] "DELETE /mobius-yt/ae-1/c1/ol HTTP/1.1" 200 - "-" "Mozilla/5.0 (Windows NT 6.1; WOW64) AppleWebKit/537.36 (KHTML, like Gecko) Chrome/50.0.2661.94 Safari/537.36"
::ffff:192.168.100.249 - - [12/May/2016:05:42:30 +0000] "GET /mobius-yt/ae-1/c1/ol HTTP/1.1" 200 - "-" "Mozilla/5.0 (Windows NT 6.1; WOW64) AppleWebKit/537.36 (KHTML, like Gecko) Chrome/50.0.2661.94 Safari/537.36"
::ffff:192.168.100.249 - - [12/May/2016:05:42:38 +0000] "GET /mobius-yt/ae-1/c1/ol HTTP/1.1" 200 - "-" "Mozilla/5.0 (Windows NT 6.1; WOW64) AppleWebKit/537.36 (KHTML, like Gecko) Chrome/50.0.2661.94 Safari/537.36"
::ffff:192.168.100.249 - - [12/May/2016:05:42:59 +0000] "GET /mobius-yt/ae-1/c1/ol HTTP/1.1" 200 - "-" "Mozilla/5.0 (Windows NT 6.1; WOW64) AppleWebKit/537.36 (KHTML, like Gecko) Chrome/50.0.2661.94 Safari/537.36"
::ffff:192.168.100.249 - - [12/May/2016:05:43:21 +0000] "POST /mobius-yt/ae-1/c1 HTTP/1.1" 201 - "-" "Mozilla/5.0 (Windows NT 6.1; WOW64) AppleWebKit/537.36 (KHTML, like Gecko) Chrome/50.0.2661.94 Safari/537.36"
::ffff:192.168.100.249 - - [12/May/2016:05:43:34 +0000] "GET /mobius-yt/ae-1/c1/sub2 HTTP/1.1" 200 - "-" "Mozilla/5.0 (Windows NT 6.1; WOW64) AppleWebKit/537.36 (KHTML, like Gecko) Chrome/50.0.2661.94 Safari/537.36"
::ffff:192.168.100.249 - - [12/May/2016:05:43:44 +0000] "GET /mobius-yt/ae-1/c1/sub2 HTTP/1.1" 200 - "-" "Mozilla/5.0 (Windows NT 6.1; WOW64) AppleWebKit/537.36 (KHTML, like Gecko) Chrome/50.0.2661.94 Safari/537.36"
::ffff:127.0.0.1 - - [12/May/2016:05:43:49 +0000] "GET /mobius-yt HTTP/1.1" 200 - "-" "-"
::ffff:127.0.0.1 - - [12/May/2016:05:43:49 +0000] "GET /mobius-yt?fu=1&ty=25 HTTP/1.1" 404 - "-" "-"
::ffff:192.168.100.249 - - [12/May/2016:05:46:13 +0000] "PUT /mobius-yt/ae-1/c1/sub2 HTTP/1.1" 200 - "-" "Mozilla/5.0 (Windows NT 6.1; WOW64) AppleWebKit/537.36 (KHTML, like Gecko) Chrome/50.0.2661.94 Safari/537.36"
::1 - - [12/May/2016:05:46:27 +0000] "GET /mobius-yt/ae-1/c1/sub2 HTTP/1.1" 200 - "-" "Mozilla/5.0 (Windows NT 10.0; WOW64) AppleWebKit/537.36 (KHTML, like Gecko) Chrome/50.0.2661.94 Safari/537.36"
::ffff:192.168.100.249 - - [12/May/2016:05:47:23 +0000] "PUT /mobius-yt/ae-1/c1 HTTP/1.1" 200 - "-" "Mozilla/5.0 (Windows NT 6.1; WOW64) AppleWebKit/537.36 (KHTML, like Gecko) Chrome/50.0.2661.94 Safari/537.36"
::1 - - [12/May/2016:05:49:01 +0000] "GET /mobius-yt/ae-1/c1/sub2 HTTP/1.1" 200 - "-" "Mozilla/5.0 (Windows NT 10.0; WOW64) AppleWebKit/537.36 (KHTML, like Gecko) Chrome/50.0.2661.94 Safari/537.36"
::1 - - [12/May/2016:05:49:15 +0000] "GET /mobius-yt/ae-1/c1/sub2 HTTP/1.1" 200 - "-" "Mozilla/5.0 (Windows NT 10.0; WOW64) AppleWebKit/537.36 (KHTML, like Gecko) Chrome/50.0.2661.94 Safari/537.36"
::ffff:192.168.100.249 - - [12/May/2016:05:49:16 +0000] "PUT /mobius-yt/ae-1/c1/sub2 HTTP/1.1" 200 - "-" "Mozilla/5.0 (Windows NT 6.1; WOW64) AppleWebKit/537.36 (KHTML, like Gecko) Chrome/50.0.2661.94 Safari/537.36"
::1 - - [12/May/2016:05:49:17 +0000] "GET /mobius-yt/ae-1/c1/sub2 HTTP/1.1" 200 - "-" "Mozilla/5.0 (Windows NT 10.0; WOW64) AppleWebKit/537.36 (KHTML, like Gecko) Chrome/50.0.2661.94 Safari/537.36"
::ffff:192.168.100.249 - - [12/May/2016:05:49:34 +0000] "PUT /mobius-yt/ae-1/c1 HTTP/1.1" 200 - "-" "Mozilla/5.0 (Windows NT 6.1; WOW64) AppleWebKit/537.36 (KHTML, like Gecko) Chrome/50.0.2661.94 Safari/537.36"
::1 - - [12/May/2016:05:50:50 +0000] "GET /mobius-yt HTTP/1.1" 200 - "-" "Mozilla/5.0 (Windows NT 10.0; WOW64) AppleWebKit/537.36 (KHTML, like Gecko) Chrome/50.0.2661.94 Safari/537.36"
::ffff:192.168.100.249 - - [12/May/2016:05:51:48 +0000] "PUT /mobius-yt/ae-1/c1 HTTP/1.1" 200 - "-" "Mozilla/5.0 (Windows NT 6.1; WOW64) AppleWebKit/537.36 (KHTML, like Gecko) Chrome/50.0.2661.94 Safari/537.36"
::ffff:192.168.100.249 - - [12/May/2016:05:52:32 +0000] "DELETE /mobius-yt/ae-1/c1/sub2 HTTP/1.1" 200 - "-" "Mozilla/5.0 (Windows NT 6.1; WOW64) AppleWebKit/537.36 (KHTML, like Gecko) Chrome/50.0.2661.94 Safari/537.36"
::ffff:192.168.100.249 - - [12/May/2016:05:52:53 +0000] "GET /mobius-yt/ae-1?lbl=TST&fu=1&lim=1 HTTP/1.1" 200 - "-" "Mozilla/5.0 (Windows NT 6.1; WOW64) AppleWebKit/537.36 (KHTML, like Gecko) Chrome/50.0.2661.94 Safari/537.36"
::ffff:192.168.100.249 - - [12/May/2016:05:53:00 +0000] "GET /mobius-yt/ae-1?lbl=TST22&fu=1&lim=1 HTTP/1.1" 200 - "-" "Mozilla/5.0 (Windows NT 6.1; WOW64) AppleWebKit/537.36 (KHTML, like Gecko) Chrome/50.0.2661.94 Safari/537.36"
::ffff:192.168.100.249 - - [12/May/2016:05:53:08 +0000] "GET /mobius-yt/ae-1?lbl=TST22&fu=1&lim=10 HTTP/1.1" 200 - "-" "Mozilla/5.0 (Windows NT 6.1; WOW64) AppleWebKit/537.36 (KHTML, like Gecko) Chrome/50.0.2661.94 Safari/537.36"
::ffff:192.168.100.249 - - [12/May/2016:05:53:12 +0000] "GET /mobius-yt/ae-1?lbl=TST&fu=1&lim=10 HTTP/1.1" 200 - "-" "Mozilla/5.0 (Windows NT 6.1; WOW64) AppleWebKit/537.36 (KHTML, like Gecko) Chrome/50.0.2661.94 Safari/537.36"
::1 - - [12/May/2016:05:53:13 +0000] "GET /mobius-yt/ae-1?lbl=TST22&fu=1&lim=1 HTTP/1.1" 200 - "-" "Mozilla/5.0 (Windows NT 10.0; WOW64) AppleWebKit/537.36 (KHTML, like Gecko) Chrome/50.0.2661.94 Safari/537.36"
::ffff:192.168.100.249 - - [12/May/2016:05:53:38 +0000] "POST /mobius-yt/ae-1 HTTP/1.1" 201 - "-" "Mozilla/5.0 (Windows NT 6.1; WOW64) AppleWebKit/537.36 (KHTML, like Gecko) Chrome/50.0.2661.94 Safari/537.36"
::ffff:192.168.100.249 - - [12/May/2016:05:53:53 +0000] "GET /mobius-yt/ae-1/acp2 HTTP/1.1" 403 - "-" "Mozilla/5.0 (Windows NT 6.1; WOW64) AppleWebKit/537.36 (KHTML, like Gecko) Chrome/50.0.2661.94 Safari/537.36"
::ffff:192.168.100.249 - - [12/May/2016:05:54:52 +0000] "POST /mobius-yt/ae-1 HTTP/1.1" 201 - "-" "Mozilla/5.0 (Windows NT 6.1; WOW64) AppleWebKit/537.36 (KHTML, like Gecko) Chrome/50.0.2661.94 Safari/537.36"
::ffff:192.168.100.249 - - [12/May/2016:05:55:04 +0000] "GET /mobius-yt/ae-1/acp1 HTTP/1.1" 200 - "-" "Mozilla/5.0 (Windows NT 6.1; WOW64) AppleWebKit/537.36 (KHTML, like Gecko) Chrome/50.0.2661.94 Safari/537.36"
::ffff:192.168.100.249 - - [12/May/2016:05:55:40 +0000] "PUT /mobius-yt/ae-1/acp1 HTTP/1.1" 200 - "-" "Mozilla/5.0 (Windows NT 6.1; WOW64) AppleWebKit/537.36 (KHTML, like Gecko) Chrome/50.0.2661.94 Safari/537.36"
::ffff:192.168.100.249 - - [12/May/2016:05:55:49 +0000] "GET /mobius-yt/ae-1/acp1 HTTP/1.1" 200 - "-" "Mozilla/5.0 (Windows NT 6.1; WOW64) AppleWebKit/537.36 (KHTML, like Gecko) Chrome/50.0.2661.94 Safari/537.36"
::ffff:192.168.100.249 - - [12/May/2016:05:56:04 +0000] "DELETE /mobius-yt/ae-1/acp2 HTTP/1.1" 403 - "-" "Mozilla/5.0 (Windows NT 6.1; WOW64) AppleWebKit/537.36 (KHTML, like Gecko) Chrome/50.0.2661.94 Safari/537.36"
::ffff:192.168.100.249 - - [12/May/2016:05:56:11 +0000] "DELETE /mobius-yt/ae-1/acp1 HTTP/1.1" 200 - "-" "Mozilla/5.0 (Windows NT 6.1; WOW64) AppleWebKit/537.36 (KHTML, like Gecko) Chrome/50.0.2661.94 Safari/537.36"
::ffff:192.168.100.249 - - [12/May/2016:05:56:21 +0000] "DELETE /mobius-yt/ae-1 HTTP/1.1" 200 - "-" "Mozilla/5.0 (Windows NT 6.1; WOW64) AppleWebKit/537.36 (KHTML, like Gecko) Chrome/50.0.2661.94 Safari/537.36"
::ffff:192.168.100.249 - - [12/May/2016:05:56:32 +0000] "GET /mobius-yt/ae-1 HTTP/1.1" 404 - "-" "Mozilla/5.0 (Windows NT 6.1; WOW64) AppleWebKit/537.36 (KHTML, like Gecko) Chrome/50.0.2661.94 Safari/537.36"
::1 - - [12/May/2016:05:56:48 +0000] "GET /mobius-yt/ae-1?rc=5 HTTP/1.1" 404 - "-" "Mozilla/5.0 (Windows NT 10.0; WOW64) AppleWebKit/537.36 (KHTML, like Gecko) Chrome/50.0.2661.94 Safari/537.36"
::ffff:192.168.100.249 - - [12/May/2016:05:59:57 +0000] "POST /mobius-yt HTTP/1.1" 201 - "-" "Mozilla/5.0 (Windows NT 6.1; WOW64) AppleWebKit/537.36 (KHTML, like Gecko) Chrome/50.0.2661.94 Safari/537.36"
::ffff:192.168.100.249 - - [12/May/2016:06:00:10 +0000] "POST /mobius-yt/ae-1 HTTP/1.1" 201 - "-" "Mozilla/5.0 (Windows NT 6.1; WOW64) AppleWebKit/537.36 (KHTML, like Gecko) Chrome/50.0.2661.94 Safari/537.36"
::ffff:192.168.100.249 - - [12/May/2016:06:00:13 +0000] "POST /mobius-yt/ae-1 HTTP/1.1" 201 - "-" "Mozilla/5.0 (Windows NT 6.1; WOW64) AppleWebKit/537.36 (KHTML, like Gecko) Chrome/50.0.2661.94 Safari/537.36"
::ffff:192.168.100.249 - - [12/May/2016:06:00:17 +0000] "POST /mobius-yt/ae-1 HTTP/1.1" 201 - "-" "Mozilla/5.0 (Windows NT 6.1; WOW64) AppleWebKit/537.36 (KHTML, like Gecko) Chrome/50.0.2661.94 Safari/537.36"
::ffff:127.0.0.1 - - [12/May/2016:06:01:12 +0000] "GET /mobius-yt HTTP/1.1" 200 - "-" "-"
::ffff:127.0.0.1 - - [12/May/2016:06:01:12 +0000] "GET /mobius-yt?fu=1&ty=25 HTTP/1.1" 404 - "-" "-"
::ffff:192.168.100.249 - - [12/May/2016:06:01:14 +0000] "GET /mobius-yt/ae-1?rcn=5 HTTP/1.1" 200 - "-" "Mozilla/5.0 (Windows NT 6.1; WOW64) AppleWebKit/537.36 (KHTML, like Gecko) Chrome/50.0.2661.94 Safari/537.36"
::1 - - [12/May/2016:06:01:32 +0000] "GET /mobius-yt/ae-1?rcn=5 HTTP/1.1" 200 - "-" "Mozilla/5.0 (Windows NT 10.0; WOW64) AppleWebKit/537.36 (KHTML, like Gecko) Chrome/50.0.2661.94 Safari/537.36"
::ffff:192.168.100.249 - - [12/May/2016:06:02:57 +0000] "GET /mobius-yt/ae-1?rcn=5 HTTP/1.1" 200 - "-" "Mozilla/5.0 (Windows NT 6.1; WOW64) AppleWebKit/537.36 (KHTML, like Gecko) Chrome/50.0.2661.94 Safari/537.36"
::ffff:192.168.100.249 - - [12/May/2016:06:03:37 +0000] "PUT /mobius-yt/ae-1/c1 HTTP/1.1" 200 - "-" "Mozilla/5.0 (Windows NT 6.1; WOW64) AppleWebKit/537.36 (KHTML, like Gecko) Chrome/50.0.2661.94 Safari/537.36"
::ffff:192.168.100.249 - - [12/May/2016:06:03:57 +0000] "GET /mobius-yt/ae-1/c1 HTTP/1.1" 200 - "-" "Mozilla/5.0 (Windows NT 6.1; WOW64) AppleWebKit/537.36 (KHTML, like Gecko) Chrome/50.0.2661.94 Safari/537.36"
::ffff:192.168.100.249 - - [12/May/2016:06:04:42 +0000] "GET /mobius-yt/ae-1/c1 HTTP/1.1" 200 - "-" "Mozilla/5.0 (Windows NT 6.1; WOW64) AppleWebKit/537.36 (KHTML, like Gecko) Chrome/50.0.2661.94 Safari/537.36"
::ffff:192.168.100.249 - - [12/May/2016:06:09:22 +0000] "GET /mobius-yt/ae-1?rcn=1 HTTP/1.1" 200 - "-" "Mozilla/5.0 (Windows NT 6.1; WOW64) AppleWebKit/537.36 (KHTML, like Gecko) Chrome/50.0.2661.94 Safari/537.36"
::ffff:192.168.100.249 - - [12/May/2016:06:09:26 +0000] "GET /mobius-yt/ae-1?rcn=2 HTTP/1.1" 200 - "-" "Mozilla/5.0 (Windows NT 6.1; WOW64) AppleWebKit/537.36 (KHTML, like Gecko) Chrome/50.0.2661.94 Safari/537.36"
::ffff:192.168.100.249 - - [12/May/2016:06:09:30 +0000] "GET /mobius-yt/ae-1?rcn=3 HTTP/1.1" 200 - "-" "Mozilla/5.0 (Windows NT 6.1; WOW64) AppleWebKit/537.36 (KHTML, like Gecko) Chrome/50.0.2661.94 Safari/537.36"
::ffff:192.168.100.249 - - [12/May/2016:06:09:48 +0000] "GET /mobius-yt/ae-1?rcn=3 HTTP/1.1" 200 - "-" "Mozilla/5.0 (Windows NT 6.1; WOW64) AppleWebKit/537.36 (KHTML, like Gecko) Chrome/50.0.2661.94 Safari/537.36"
::ffff:192.168.100.249 - - [12/May/2016:06:10:00 +0000] "GET /mobius-yt/ae-1?rcn=4 HTTP/1.1" 200 - "-" "Mozilla/5.0 (Windows NT 6.1; WOW64) AppleWebKit/537.36 (KHTML, like Gecko) Chrome/50.0.2661.94 Safari/537.36"
::ffff:192.168.100.249 - - [12/May/2016:06:15:19 +0000] "GET /mobius-yt/ae-1?lbl=key1 HTTP/1.1" 404 - "-" "Mozilla/5.0 (Windows NT 6.1; WOW64) AppleWebKit/537.36 (KHTML, like Gecko) Chrome/50.0.2661.94 Safari/537.36"
::ffff:192.168.100.249 - - [12/May/2016:06:15:27 +0000] "GET /mobius-yt/ae1?lbl=key1 HTTP/1.1" 200 - "-" "Mozilla/5.0 (Windows NT 6.1; WOW64) AppleWebKit/537.36 (KHTML, like Gecko) Chrome/50.0.2661.94 Safari/537.36"
::ffff:192.168.100.249 - - [12/May/2016:06:15:56 +0000] "GET /mobius-yt/ae1?lbl=TST HTTP/1.1" 404 - "-" "Mozilla/5.0 (Windows NT 6.1; WOW64) AppleWebKit/537.36 (KHTML, like Gecko) Chrome/50.0.2661.94 Safari/537.36"
::ffff:127.0.0.1 - - [12/May/2016:06:46:20 +0000] "GET /mobius-yt HTTP/1.1" 200 - "-" "-"
::ffff:127.0.0.1 - - [12/May/2016:06:46:20 +0000] "GET /mobius-yt?fu=1&ty=25 HTTP/1.1" 404 - "-" "-"
::ffff:127.0.0.1 - - [12/May/2016:06:46:41 +0000] "GET /mobius-yt HTTP/1.1" 200 - "-" "-"
::ffff:127.0.0.1 - - [12/May/2016:06:46:41 +0000] "GET /mobius-yt HTTP/1.1" 200 - "-" "-"
::ffff:127.0.0.1 - - [12/May/2016:06:46:41 +0000] "GET /mobius-yt?fu=1&ty=25 HTTP/1.1" 404 - "-" "-"
::ffff:127.0.0.1 - - [12/May/2016:06:47:57 +0000] "GET /mobius-yt HTTP/1.1" 200 - "-" "-"
::ffff:127.0.0.1 - - [12/May/2016:06:48:01 +0000] "GET /mobius-yt HTTP/1.1" 200 - "-" "-"
::ffff:127.0.0.1 - - [12/May/2016:06:48:01 +0000] "GET /mobius-yt HTTP/1.1" 200 - "-" "-"
::ffff:127.0.0.1 - - [12/May/2016:06:52:51 +0000] "GET /mobius-yt HTTP/1.1" 200 - "-" "-"
::ffff:127.0.0.1 - - [12/May/2016:06:52:51 +0000] "GET /mobius-yt HTTP/1.1" 200 - "-" "-"
::ffff:127.0.0.1 - - [12/May/2016:06:52:51 +0000] "GET /mobius-yt?fu=1&ty=25 HTTP/1.1" 404 - "-" "-"
::ffff:127.0.0.1 - - [12/May/2016:06:56:54 +0000] "GET /mn-mobius-yt HTTP/1.1" 200 - "-" "-"
::ffff:127.0.0.1 - - [12/May/2016:06:56:54 +0000] "GET /mn-mobius-yt?fu=1&ty=25 HTTP/1.1" 404 - "-" "-"
::ffff:127.0.0.1 - - [12/May/2016:07:00:18 +0000] "GET /mn-mobius-yt HTTP/1.1" 404 - "-" "-"
::ffff:127.0.0.1 - - [12/May/2016:07:00:19 +0000] "GET /mn-mobius-yt HTTP/1.1" 404 - "-" "-"
::ffff:127.0.0.1 - - [12/May/2016:07:00:20 +0000] "GET /mn-mobius-yt HTTP/1.1" 404 - "-" "-"
::ffff:127.0.0.1 - - [12/May/2016:07:00:21 +0000] "GET /mn-mobius-yt HTTP/1.1" 404 - "-" "-"
::ffff:127.0.0.1 - - [12/May/2016:07:00:22 +0000] "GET /mn-mobius-yt HTTP/1.1" 404 - "-" "-"
::ffff:127.0.0.1 - - [12/May/2016:07:00:23 +0000] "GET /mn-mobius-yt HTTP/1.1" 404 - "-" "-"
::ffff:127.0.0.1 - - [12/May/2016:07:00:25 +0000] "GET /mn-mobius-yt HTTP/1.1" 404 - "-" "-"
::ffff:127.0.0.1 - - [12/May/2016:07:00:26 +0000] "GET /mn-mobius-yt HTTP/1.1" 404 - "-" "-"
::ffff:127.0.0.1 - - [12/May/2016:07:00:27 +0000] "GET /mn-mobius-yt HTTP/1.1" 404 - "-" "-"
::ffff:127.0.0.1 - - [12/May/2016:07:00:28 +0000] "GET /mn-mobius-yt HTTP/1.1" 404 - "-" "-"
::ffff:127.0.0.1 - - [12/May/2016:07:00:29 +0000] "GET /mn-mobius-yt HTTP/1.1" 404 - "-" "-"
::ffff:127.0.0.1 - - [12/May/2016:07:00:30 +0000] "GET /mn-mobius-yt HTTP/1.1" 404 - "-" "-"
::ffff:127.0.0.1 - - [12/May/2016:07:00:31 +0000] "GET /mn-mobius-yt HTTP/1.1" 404 - "-" "-"
::ffff:127.0.0.1 - - [12/May/2016:07:00:32 +0000] "GET /mn-mobius-yt HTTP/1.1" 404 - "-" "-"
::ffff:127.0.0.1 - - [12/May/2016:07:00:33 +0000] "GET /mn-mobius-yt HTTP/1.1" 404 - "-" "-"
::ffff:127.0.0.1 - - [12/May/2016:07:00:34 +0000] "GET /mn-mobius-yt HTTP/1.1" 404 - "-" "-"
::ffff:127.0.0.1 - - [12/May/2016:07:00:35 +0000] "GET /mn-mobius-yt HTTP/1.1" 404 - "-" "-"
::ffff:127.0.0.1 - - [12/May/2016:07:00:36 +0000] "GET /mn-mobius-yt HTTP/1.1" 404 - "-" "-"
::ffff:127.0.0.1 - - [12/May/2016:07:00:37 +0000] "GET /mn-mobius-yt HTTP/1.1" 404 - "-" "-"
::ffff:127.0.0.1 - - [12/May/2016:07:00:38 +0000] "GET /mn-mobius-yt HTTP/1.1" 404 - "-" "-"
::ffff:127.0.0.1 - - [12/May/2016:07:00:39 +0000] "GET /mn-mobius-yt HTTP/1.1" 404 - "-" "-"
::ffff:127.0.0.1 - - [12/May/2016:07:00:40 +0000] "GET /mn-mobius-yt HTTP/1.1" 404 - "-" "-"
::ffff:127.0.0.1 - - [12/May/2016:07:00:41 +0000] "GET /mn-mobius-yt HTTP/1.1" 404 - "-" "-"
::ffff:127.0.0.1 - - [12/May/2016:07:00:42 +0000] "GET /mn-mobius-yt HTTP/1.1" 404 - "-" "-"
::ffff:127.0.0.1 - - [12/May/2016:07:00:43 +0000] "GET /mn-mobius-yt HTTP/1.1" 404 - "-" "-"
::ffff:127.0.0.1 - - [12/May/2016:07:00:44 +0000] "GET /mn-mobius-yt HTTP/1.1" 404 - "-" "-"
::ffff:127.0.0.1 - - [12/May/2016:07:00:45 +0000] "GET /mn-mobius-yt HTTP/1.1" 404 - "-" "-"
::ffff:127.0.0.1 - - [12/May/2016:07:00:46 +0000] "GET /mn-mobius-yt HTTP/1.1" 404 - "-" "-"
::ffff:127.0.0.1 - - [12/May/2016:07:00:47 +0000] "GET /mn-mobius-yt HTTP/1.1" 404 - "-" "-"
::ffff:127.0.0.1 - - [12/May/2016:07:00:48 +0000] "GET /mn-mobius-yt HTTP/1.1" 404 - "-" "-"
::ffff:127.0.0.1 - - [12/May/2016:07:00:49 +0000] "GET /mn-mobius-yt HTTP/1.1" 404 - "-" "-"
::ffff:127.0.0.1 - - [12/May/2016:07:00:50 +0000] "GET /mn-mobius-yt HTTP/1.1" 404 - "-" "-"
::ffff:127.0.0.1 - - [12/May/2016:07:00:51 +0000] "GET /mn-mobius-yt HTTP/1.1" 404 - "-" "-"
::ffff:127.0.0.1 - - [12/May/2016:07:00:52 +0000] "GET /mn-mobius-yt HTTP/1.1" 404 - "-" "-"
::ffff:127.0.0.1 - - [12/May/2016:07:00:53 +0000] "GET /mn-mobius-yt HTTP/1.1" 404 - "-" "-"
::ffff:127.0.0.1 - - [12/May/2016:07:00:54 +0000] "GET /mn-mobius-yt HTTP/1.1" 404 - "-" "-"
::ffff:127.0.0.1 - - [12/May/2016:07:00:55 +0000] "GET /mn-mobius-yt HTTP/1.1" 404 - "-" "-"
::ffff:127.0.0.1 - - [12/May/2016:07:00:56 +0000] "GET /mn-mobius-yt HTTP/1.1" 404 - "-" "-"
::ffff:127.0.0.1 - - [12/May/2016:07:00:57 +0000] "GET /mn-mobius-yt HTTP/1.1" 404 - "-" "-"
::ffff:127.0.0.1 - - [12/May/2016:07:00:58 +0000] "GET /mn-mobius-yt HTTP/1.1" 404 - "-" "-"
::ffff:127.0.0.1 - - [12/May/2016:07:00:59 +0000] "GET /mn-mobius-yt HTTP/1.1" 404 - "-" "-"
::ffff:127.0.0.1 - - [12/May/2016:07:01:00 +0000] "GET /mn-mobius-yt HTTP/1.1" 404 - "-" "-"
::ffff:127.0.0.1 - - [12/May/2016:07:01:37 +0000] "GET /mn-mobius-yt HTTP/1.1" 200 - "-" "-"
::ffff:127.0.0.1 - - [12/May/2016:07:01:37 +0000] "GET /mn-mobius-yt?fu=1&ty=25 HTTP/1.1" 404 - "-" "-"
::ffff:127.0.0.1 - - [12/May/2016:07:02:47 +0000] "GET /mn-mobius-yt HTTP/1.1" 200 - "-" "-"
::ffff:127.0.0.1 - - [12/May/2016:07:02:47 +0000] "GET /mn-mobius-yt?fu=1&ty=25 HTTP/1.1" 404 - "-" "-"
::ffff:127.0.0.1 - - [12/May/2016:07:18:26 +0000] "GET /mn-mobius-yt HTTP/1.1" 200 - "-" "-"
::ffff:127.0.0.1 - - [12/May/2016:07:18:26 +0000] "GET /mn-mobius-yt?fu=1&ty=25 HTTP/1.1" 404 - "-" "-"
::ffff:127.0.0.1 - - [12/May/2016:07:19:44 +0000] "GET /mn-mobius-yt HTTP/1.1" 200 - "-" "-"
::ffff:127.0.0.1 - - [12/May/2016:07:19:44 +0000] "GET /mn-mobius-yt?fu=1&ty=25 HTTP/1.1" 404 - "-" "-"
::ffff:127.0.0.1 - - [12/May/2016:07:21:50 +0000] "GET /mn-mobius-yt HTTP/1.1" 200 - "-" "-"
::ffff:127.0.0.1 - - [12/May/2016:07:21:50 +0000] "GET /mn-mobius-yt?fu=1&ty=25 HTTP/1.1" 404 - "-" "-"
::ffff:127.0.0.1 - - [12/May/2016:07:31:48 +0000] "GET /mn-mobius-yt HTTP/1.1" 200 - "-" "-"
::ffff:127.0.0.1 - - [12/May/2016:07:31:48 +0000] "GET /mn-mobius-yt?fu=1&ty=25 HTTP/1.1" 404 - "-" "-"
::ffff:127.0.0.1 - - [12/May/2016:07:39:58 +0000] "GET /mn-mobius-yt HTTP/1.1" 200 - "-" "-"
::ffff:127.0.0.1 - - [12/May/2016:07:39:58 +0000] "GET /mn-mobius-yt?fu=1&ty=25 HTTP/1.1" 404 - "-" "-"
::ffff:127.0.0.1 - - [12/May/2016:07:46:02 +0000] "GET /mn-mobius-yt HTTP/1.1" 200 - "-" "-"
::ffff:127.0.0.1 - - [12/May/2016:07:46:02 +0000] "GET /mn-mobius-yt?fu=1&ty=25 HTTP/1.1" 404 - "-" "-"
::ffff:127.0.0.1 - - [12/May/2016:07:47:59 +0000] "GET /mn-mobius-yt HTTP/1.1" 200 - "-" "-"
::ffff:127.0.0.1 - - [12/May/2016:07:47:59 +0000] "POST /mn-mobius-yt HTTP/1.1" 201 - "-" "-"
::ffff:127.0.0.1 - - [12/May/2016:07:47:59 +0000] "GET /mn-mobius-yt?fu=1&ty=25 HTTP/1.1" 404 - "-" "-"
::ffff:127.0.0.1 - - [12/May/2016:07:48:08 +0000] "POST /mn-mobius-yt HTTP/1.1" 409 - "-" "-"
::ffff:127.0.0.1 - - [12/May/2016:07:48:08 +0000] "GET /mn-mobius-yt HTTP/1.1" 200 - "-" "-"
::ffff:127.0.0.1 - - [12/May/2016:07:48:08 +0000] "GET /mn-mobius-yt?fu=1&ty=25 HTTP/1.1" 404 - "-" "-"
::ffff:127.0.0.1 - - [12/May/2016:14:13:47 +0000] "GET /mn-mobius-yt HTTP/1.1" 200 - "-" "-"
::ffff:127.0.0.1 - - [12/May/2016:14:13:47 +0000] "GET /mn-mobius-yt?fu=1&ty=25 HTTP/1.1" 404 - "-" "-"
::ffff:127.0.0.1 - - [12/May/2016:14:13:54 +0000] "GET /mobius-yt HTTP/1.1" 200 - "-" "-"
::ffff:127.0.0.1 - - [12/May/2016:14:13:54 +0000] "GET /mobius-yt?fu=1&ty=25 HTTP/1.1" 404 - "-" "-"
::ffff:127.0.0.1 - - [12/May/2016:14:19:04 +0000] "GET /mobius-yt HTTP/1.1" 200 - "-" "-"
::ffff:127.0.0.1 - - [12/May/2016:14:19:04 +0000] "GET /mobius-yt?fu=1&ty=25 HTTP/1.1" 404 - "-" "-"
