::ffff:127.0.0.1 - - [19/Jul/2016:00:44:03 +0000] "GET /mobius HTTP/1.1" 200 - "-" "-"
::ffff:127.0.0.1 - - [19/Jul/2016:00:44:03 +0000] "GET /mobius?fu=1&ty=25 HTTP/1.1" 404 - "-" "-"
::1 - - [19/Jul/2016:00:44:22 +0000] "GET /mobius/c067/s?ty=4&fu=1&lim=5 HTTP/1.1" 200 - "-" "Mozilla/5.0 (Windows NT 10.0; WOW64) AppleWebKit/537.36 (KHTML, like Gecko) Chrome/51.0.2704.103 Safari/537.36"
::ffff:127.0.0.1 - - [19/Jul/2016:00:44:43 +0000] "GET /mobius HTTP/1.1" 200 - "-" "-"
::ffff:127.0.0.1 - - [19/Jul/2016:00:44:49 +0000] "GET /mobius?fu=1&ty=25 HTTP/1.1" 404 - "-" "-"
::1 - - [19/Jul/2016:01:11:21 +0000] "GET /mobius/c067/s?ty=4&fu=1&lim=5 HTTP/1.1" - - "-" "Mozilla/5.0 (Windows NT 10.0; WOW64) AppleWebKit/537.36 (KHTML, like Gecko) Chrome/51.0.2704.103 Safari/537.36"
::1 - - [19/Jul/2016:01:11:33 +0000] "GET /mobius/c067/s?ty=4&fu=1&lim=5 HTTP/1.1" 200 - "-" "Mozilla/5.0 (Windows NT 10.0; WOW64) AppleWebKit/537.36 (KHTML, like Gecko) Chrome/51.0.2704.103 Safari/537.36"
::ffff:127.0.0.1 - - [19/Jul/2016:02:06:08 +0000] "GET /rosemary HTTP/1.1" 200 - "-" "-"
::ffff:127.0.0.1 - - [19/Jul/2016:02:06:08 +0000] "GET /rosemary?fu=1&ty=25 HTTP/1.1" 404 - "-" "-"
::ffff:127.0.0.1 - - [19/Jul/2016:02:07:14 +0000] "POST /rosemary HTTP/1.1" 201 - "-" "-"
::ffff:127.0.0.1 - - [19/Jul/2016:02:08:33 +0000] "POST /rosemary HTTP/1.1" 409 - "-" "-"
::ffff:127.0.0.1 - - [19/Jul/2016:04:58:17 +0000] "POST /rosemary HTTP/1.1" 409 - "-" "-"
::ffff:127.0.0.1 - - [19/Jul/2016:04:58:28 +0000] "GET /rosemary HTTP/1.1" 200 - "-" "-"
::ffff:127.0.0.1 - - [19/Jul/2016:04:58:32 +0000] "GET /rosemary?fu=1&ty=25 HTTP/1.1" 500 - "-" "-"
::ffff:127.0.0.1 - - [19/Jul/2016:04:59:06 +0000] "GET /mobius HTTP/1.1" 200 - "-" "-"
::ffff:127.0.0.1 - - [19/Jul/2016:04:59:11 +0000] "GET /mobius?fu=1&ty=25 HTTP/1.1" 500 - "-" "-"
::ffff:127.0.0.1 - - [19/Jul/2016:05:00:24 +0000] "GET /mobius HTTP/1.1" 200 - "-" "-"
::ffff:127.0.0.1 - - [19/Jul/2016:05:00:29 +0000] "GET /mobius?fu=1&ty=25 HTTP/1.1" 500 - "-" "-"
::ffff:127.0.0.1 - - [19/Jul/2016:05:01:20 +0000] "GET /mobius HTTP/1.1" 200 - "-" "-"
::ffff:127.0.0.1 - - [19/Jul/2016:05:01:23 +0000] "GET /mobius?fu=1&ty=25 HTTP/1.1" 500 - "-" "-"
::ffff:127.0.0.1 - - [19/Jul/2016:05:02:37 +0000] "GET /mobius HTTP/1.1" 200 - "-" "-"
::ffff:127.0.0.1 - - [19/Jul/2016:05:02:37 +0000] "GET /mobius?fu=1&ty=25 HTTP/1.1" 500 - "-" "-"
::1 - - [19/Jul/2016:05:02:38 +0000] "GET /mobius/c067/s?ty=4&fu=1&lim=5 HTTP/1.1" 500 - "-" "Mozilla/5.0 (Windows NT 10.0; WOW64) AppleWebKit/537.36 (KHTML, like Gecko) Chrome/51.0.2704.103 Safari/537.36"
::1 - - [19/Jul/2016:05:02:40 +0000] "GET /mobius/c067/s?ty=4&fu=1&lim=5 HTTP/1.1" 500 - "-" "Mozilla/5.0 (Windows NT 10.0; WOW64) AppleWebKit/537.36 (KHTML, like Gecko) Chrome/51.0.2704.103 Safari/537.36"
::1 - - [19/Jul/2016:05:02:44 +0000] "GET /mobius/c067/s?ty=4&fu=1&lim=5 HTTP/1.1" 500 - "-" "Mozilla/5.0 (Windows NT 10.0; WOW64) AppleWebKit/537.36 (KHTML, like Gecko) Chrome/51.0.2704.103 Safari/537.36"
::ffff:127.0.0.1 - - [19/Jul/2016:05:02:55 +0000] "GET /mobius HTTP/1.1" 200 - "-" "-"
::ffff:127.0.0.1 - - [19/Jul/2016:05:03:01 +0000] "GET /mobius?fu=1&ty=25 HTTP/1.1" 500 - "-" "-"
::ffff:127.0.0.1 - - [19/Jul/2016:05:03:35 +0000] "GET /mobius HTTP/1.1" 200 - "-" "-"
::ffff:127.0.0.1 - - [19/Jul/2016:05:03:35 +0000] "GET /mobius?fu=1&ty=25 HTTP/1.1" 500 - "-" "-"
::1 - - [19/Jul/2016:05:03:36 +0000] "GET /mobius/c067/s?ty=4&fu=1&lim=5 HTTP/1.1" 500 - "-" "Mozilla/5.0 (Windows NT 10.0; WOW64) AppleWebKit/537.36 (KHTML, like Gecko) Chrome/51.0.2704.103 Safari/537.36"
::ffff:127.0.0.1 - - [19/Jul/2016:06:03:16 +0000] "GET /mobius HTTP/1.1" 200 - "-" "-"
::ffff:127.0.0.1 - - [19/Jul/2016:06:03:19 +0000] "GET /mobius?fu=1&ty=25 HTTP/1.1" 500 - "-" "-"
::ffff:127.0.0.1 - - [19/Jul/2016:06:04:12 +0000] "GET /mobius HTTP/1.1" 200 - "-" "-"
::ffff:127.0.0.1 - - [19/Jul/2016:06:04:12 +0000] "GET /mobius?fu=1&ty=25 HTTP/1.1" 404 - "-" "-"
::1 - - [19/Jul/2016:06:04:19 +0000] "GET /mobius/c067/s?ty=4&fu=1&lim=5 HTTP/1.1" 200 - "-" "Mozilla/5.0 (Windows NT 10.0; WOW64) AppleWebKit/537.36 (KHTML, like Gecko) Chrome/51.0.2704.103 Safari/537.36"
::1 - - [19/Jul/2016:06:04:30 +0000] "GET /mobius/c067/s?ty=4&lim=5 HTTP/1.1" 200 - "-" "Mozilla/5.0 (Windows NT 10.0; WOW64) AppleWebKit/537.36 (KHTML, like Gecko) Chrome/51.0.2704.103 Safari/537.36"
::1 - - [19/Jul/2016:06:04:48 +0000] "GET /mobius/c067/s?ty=4&lbl=keti&lim=5 HTTP/1.1" 404 - "-" "Mozilla/5.0 (Windows NT 10.0; WOW64) AppleWebKit/537.36 (KHTML, like Gecko) Chrome/51.0.2704.103 Safari/537.36"
::1 - - [19/Jul/2016:06:04:57 +0000] "GET /mobius/c067/s?ty=4&lbl=key&lim=5 HTTP/1.1" 404 - "-" "Mozilla/5.0 (Windows NT 10.0; WOW64) AppleWebKit/537.36 (KHTML, like Gecko) Chrome/51.0.2704.103 Safari/537.36"
::1 - - [19/Jul/2016:06:05:04 +0000] "GET /mobius/c067/s?ty=4&lbl=s&lim=5 HTTP/1.1" 404 - "-" "Mozilla/5.0 (Windows NT 10.0; WOW64) AppleWebKit/537.36 (KHTML, like Gecko) Chrome/51.0.2704.103 Safari/537.36"
::1 - - [19/Jul/2016:06:05:07 +0000] "GET /mobius/c067/s?ty=4&lbl=ss&lim=5 HTTP/1.1" 404 - "-" "Mozilla/5.0 (Windows NT 10.0; WOW64) AppleWebKit/537.36 (KHTML, like Gecko) Chrome/51.0.2704.103 Safari/537.36"
::1 - - [19/Jul/2016:06:05:14 +0000] "GET /mobius/c067/s?ty=4&lbl=keti&lim=5 HTTP/1.1" 404 - "-" "Mozilla/5.0 (Windows NT 10.0; WOW64) AppleWebKit/537.36 (KHTML, like Gecko) Chrome/51.0.2704.103 Safari/537.36"
::1 - - [19/Jul/2016:06:06:08 +0000] "GET /mobius/c067/s?ty=4&cra=201605&lim=5 HTTP/1.1" 200 - "-" "Mozilla/5.0 (Windows NT 10.0; WOW64) AppleWebKit/537.36 (KHTML, like Gecko) Chrome/51.0.2704.103 Safari/537.36"
::1 - - [19/Jul/2016:06:06:18 +0000] "GET /mobius/c067/s?ty=4 HTTP/1.1" 200 - "-" "Mozilla/5.0 (Windows NT 10.0; WOW64) AppleWebKit/537.36 (KHTML, like Gecko) Chrome/51.0.2704.103 Safari/537.36"
::1 - - [19/Jul/2016:06:06:29 +0000] "GET /mobius&ty=2 HTTP/1.1" 500 - "-" "Mozilla/5.0 (Windows NT 10.0; WOW64) AppleWebKit/537.36 (KHTML, like Gecko) Chrome/51.0.2704.103 Safari/537.36"
::1 - - [19/Jul/2016:06:06:44 +0000] "GET /mobius&ty=2 HTTP/1.1" 500 - "-" "Mozilla/5.0 (Windows NT 10.0; WOW64) AppleWebKit/537.36 (KHTML, like Gecko) Chrome/51.0.2704.103 Safari/537.36"
::1 - - [19/Jul/2016:06:06:51 +0000] "GET /mobius-yt&ty=2 HTTP/1.1" 500 - "-" "Mozilla/5.0 (Windows NT 10.0; WOW64) AppleWebKit/537.36 (KHTML, like Gecko) Chrome/51.0.2704.103 Safari/537.36"
::1 - - [19/Jul/2016:06:07:17 +0000] "GET /mobius?ty=2 HTTP/1.1" 200 - "-" "Mozilla/5.0 (Windows NT 10.0; WOW64) AppleWebKit/537.36 (KHTML, like Gecko) Chrome/51.0.2704.103 Safari/537.36"
::1 - - [19/Jul/2016:06:07:31 +0000] "GET /mobius?ty=2 HTTP/1.1" 200 - "-" "Mozilla/5.0 (Windows NT 10.0; WOW64) AppleWebKit/537.36 (KHTML, like Gecko) Chrome/51.0.2704.103 Safari/537.36"
::ffff:127.0.0.1 - - [19/Jul/2016:06:23:28 +0000] "GET /mobius HTTP/1.1" 200 - "-" "-"
::ffff:127.0.0.1 - - [19/Jul/2016:06:23:28 +0000] "GET /mobius?fu=1&ty=25 HTTP/1.1" 404 - "-" "-"
::1 - - [19/Jul/2016:06:23:31 +0000] "GET /mobius?ty=2 HTTP/1.1" 200 - "-" "Mozilla/5.0 (Windows NT 10.0; WOW64) AppleWebKit/537.36 (KHTML, like Gecko) Chrome/51.0.2704.103 Safari/537.36"
::1 - - [19/Jul/2016:08:44:17 +0000] "GET /mobius/c067/s?ty=4&lbl=s&lim=5 HTTP/1.1" 404 - "-" "Mozilla/5.0 (Windows NT 10.0; WOW64) AppleWebKit/537.36 (KHTML, like Gecko) Chrome/51.0.2704.103 Safari/537.36"
::1 - - [19/Jul/2016:08:44:29 +0000] "GET /mobius/c067/s?ty=4&lim=5 HTTP/1.1" 200 - "-" "Mozilla/5.0 (Windows NT 10.0; WOW64) AppleWebKit/537.36 (KHTML, like Gecko) Chrome/51.0.2704.103 Safari/537.36"
::ffff:127.0.0.1 - - [19/Jul/2016:08:46:46 +0000] "GET /mobius HTTP/1.1" 200 - "-" "-"
::ffff:127.0.0.1 - - [19/Jul/2016:08:46:51 +0000] "GET /mobius?fu=1&ty=25 HTTP/1.1" 404 - "-" "-"
::1 - - [19/Jul/2016:08:54:12 +0000] "GET /mobius/c067/s?ty=4&lim=5 HTTP/1.1" - - "-" "Mozilla/5.0 (Windows NT 10.0; WOW64) AppleWebKit/537.36 (KHTML, like Gecko) Chrome/51.0.2704.103 Safari/537.36"
::ffff:127.0.0.1 - - [19/Jul/2016:08:54:20 +0000] "GET /mobius HTTP/1.1" 200 - "-" "-"
::ffff:127.0.0.1 - - [19/Jul/2016:08:54:20 +0000] "GET /mobius?fu=1&ty=25 HTTP/1.1" 404 - "-" "-"
::1 - - [19/Jul/2016:08:54:23 +0000] "GET /mobius/c067/s?ty=4&lim=5 HTTP/1.1" 200 - "-" "Mozilla/5.0 (Windows NT 10.0; WOW64) AppleWebKit/537.36 (KHTML, like Gecko) Chrome/51.0.2704.103 Safari/537.36"
::1 - - [19/Jul/2016:08:54:26 +0000] "GET /mobius/c067/s?ty=4&lim=5 HTTP/1.1" 200 - "-" "Mozilla/5.0 (Windows NT 10.0; WOW64) AppleWebKit/537.36 (KHTML, like Gecko) Chrome/51.0.2704.103 Safari/537.36"
::1 - - [19/Jul/2016:08:54:29 +0000] "GET /mobius/c067/s?ty=4&lim=5 HTTP/1.1" 200 - "-" "Mozilla/5.0 (Windows NT 10.0; WOW64) AppleWebKit/537.36 (KHTML, like Gecko) Chrome/51.0.2704.103 Safari/537.36"
::1 - - [19/Jul/2016:08:54:32 +0000] "GET /mobius/c067/s?ty=4&lim=5 HTTP/1.1" 200 - "-" "Mozilla/5.0 (Windows NT 10.0; WOW64) AppleWebKit/537.36 (KHTML, like Gecko) Chrome/51.0.2704.103 Safari/537.36"
::1 - - [19/Jul/2016:08:54:36 +0000] "GET /mobius/c067/s?ty=4&lim=5 HTTP/1.1" 200 - "-" "Mozilla/5.0 (Windows NT 10.0; WOW64) AppleWebKit/537.36 (KHTML, like Gecko) Chrome/51.0.2704.103 Safari/537.36"
::1 - - [19/Jul/2016:08:54:53 +0000] "GET /mobius/c067/s?lim=5 HTTP/1.1" 200 - "-" "Mozilla/5.0 (Windows NT 10.0; WOW64) AppleWebKit/537.36 (KHTML, like Gecko) Chrome/51.0.2704.103 Safari/537.36"
::1 - - [19/Jul/2016:08:55:10 +0000] "GET /mobius/c067/s?lim=5 HTTP/1.1" 200 - "-" "Mozilla/5.0 (Windows NT 10.0; WOW64) AppleWebKit/537.36 (KHTML, like Gecko) Chrome/51.0.2704.103 Safari/537.36"
::ffff:127.0.0.1 - - [19/Jul/2016:08:55:53 +0000] "GET /mobius HTTP/1.1" 200 - "-" "-"
::ffff:127.0.0.1 - - [19/Jul/2016:08:55:53 +0000] "GET /mobius?fu=1&ty=25 HTTP/1.1" 404 - "-" "-"
::1 - - [19/Jul/2016:08:55:58 +0000] "GET /mobius/c067/s?lim=5 HTTP/1.1" 200 - "-" "Mozilla/5.0 (Windows NT 10.0; WOW64) AppleWebKit/537.36 (KHTML, like Gecko) Chrome/51.0.2704.103 Safari/537.36"
::1 - - [19/Jul/2016:08:56:02 +0000] "GET /mobius/c067/s?lim=5 HTTP/1.1" 200 - "-" "Mozilla/5.0 (Windows NT 10.0; WOW64) AppleWebKit/537.36 (KHTML, like Gecko) Chrome/51.0.2704.103 Safari/537.36"
::1 - - [19/Jul/2016:08:56:08 +0000] "GET /mobius/c067/s?lim=5 HTTP/1.1" 200 - "-" "Mozilla/5.0 (Windows NT 10.0; WOW64) AppleWebKit/537.36 (KHTML, like Gecko) Chrome/51.0.2704.103 Safari/537.36"
::1 - - [19/Jul/2016:08:56:31 +0000] "GET /mobius/c067/s?lim=5 HTTP/1.1" 200 - "-" "Mozilla/5.0 (Windows NT 10.0; WOW64) AppleWebKit/537.36 (KHTML, like Gecko) Chrome/51.0.2704.103 Safari/537.36"
::ffff:127.0.0.1 - - [19/Jul/2016:08:58:27 +0000] "GET /mobius HTTP/1.1" 200 - "-" "-"
::ffff:127.0.0.1 - - [19/Jul/2016:08:58:27 +0000] "GET /mobius?fu=1&ty=25 HTTP/1.1" 404 - "-" "-"
::1 - - [19/Jul/2016:09:06:13 +0000] "GET /mobius/c067/s?lim=5 HTTP/1.1" 200 - "-" "Mozilla/5.0 (Windows NT 10.0; WOW64) AppleWebKit/537.36 (KHTML, like Gecko) Chrome/51.0.2704.103 Safari/537.36"
::ffff:127.0.0.1 - - [19/Jul/2016:09:15:15 +0000] "GET /mobius HTTP/1.1" 200 - "-" "-"
::ffff:127.0.0.1 - - [19/Jul/2016:09:15:15 +0000] "GET /mobius?fu=1&ty=25 HTTP/1.1" 500 - "-" "-"
::1 - - [19/Jul/2016:09:15:18 +0000] "GET /mobius/c067/s?lim=5 HTTP/1.1" 500 - "-" "Mozilla/5.0 (Windows NT 10.0; WOW64) AppleWebKit/537.36 (KHTML, like Gecko) Chrome/51.0.2704.103 Safari/537.36"
::ffff:127.0.0.1 - - [19/Jul/2016:09:15:53 +0000] "GET /mobius HTTP/1.1" 200 - "-" "-"
::ffff:127.0.0.1 - - [19/Jul/2016:09:16:59 +0000] "GET /mobius HTTP/1.1" 200 - "-" "-"
::ffff:127.0.0.1 - - [19/Jul/2016:09:16:59 +0000] "GET /mobius?fu=1&ty=25 HTTP/1.1" 500 - "-" "-"
::1 - - [19/Jul/2016:09:17:49 +0000] "GET /mobius/c067/s?lim=5 HTTP/1.1" 200 - "-" "Mozilla/5.0 (Windows NT 10.0; WOW64) AppleWebKit/537.36 (KHTML, like Gecko) Chrome/51.0.2704.103 Safari/537.36"
::ffff:127.0.0.1 - - [19/Jul/2016:09:17:50 +0000] "GET /mobius HTTP/1.1" 200 - "-" "-"
::ffff:127.0.0.1 - - [19/Jul/2016:09:17:50 +0000] "GET /mobius?fu=1&ty=25 HTTP/1.1" 404 - "-" "-"
::1 - - [19/Jul/2016:09:17:53 +0000] "GET /mobius/c067/s?lim=5 HTTP/1.1" 200 - "-" "Mozilla/5.0 (Windows NT 10.0; WOW64) AppleWebKit/537.36 (KHTML, like Gecko) Chrome/51.0.2704.103 Safari/537.36"
::1 - - [19/Jul/2016:09:18:03 +0000] "GET /mobius/c067/s?ty=4&lim=5 HTTP/1.1" 200 - "-" "Mozilla/5.0 (Windows NT 10.0; WOW64) AppleWebKit/537.36 (KHTML, like Gecko) Chrome/51.0.2704.103 Safari/537.36"
::1 - - [19/Jul/2016:09:19:37 +0000] "GET /mobius/c067/s?ty=4&lbl=s&lim=5 HTTP/1.1" 404 - "-" "Mozilla/5.0 (Windows NT 10.0; WOW64) AppleWebKit/537.36 (KHTML, like Gecko) Chrome/51.0.2704.103 Safari/537.36"
::1 - - [19/Jul/2016:09:19:41 +0000] "GET /mobius/c067/s?ty=4&lim=5 HTTP/1.1" 200 - "-" "Mozilla/5.0 (Windows NT 10.0; WOW64) AppleWebKit/537.36 (KHTML, like Gecko) Chrome/51.0.2704.103 Safari/537.36"
::ffff:127.0.0.1 - - [19/Jul/2016:09:22:48 +0000] "GET /mobius HTTP/1.1" 200 - "-" "-"
::ffff:127.0.0.1 - - [19/Jul/2016:09:22:48 +0000] "GET /mobius?fu=1&ty=25 HTTP/1.1" 404 - "-" "-"
::1 - - [19/Jul/2016:09:22:52 +0000] "GET /mobius/c067/s?ty=4&lim=5 HTTP/1.1" 200 - "-" "Mozilla/5.0 (Windows NT 10.0; WOW64) AppleWebKit/537.36 (KHTML, like Gecko) Chrome/51.0.2704.103 Safari/537.36"
::ffff:127.0.0.1 - - [19/Jul/2016:10:50:52 +0000] "GET /mobius HTTP/1.1" 200 - "-" "-"
::ffff:127.0.0.1 - - [19/Jul/2016:10:50:53 +0000] "GET /mobius?fu=1&ty=25 HTTP/1.1" 404 - "-" "-"
::1 - - [19/Jul/2016:10:50:54 +0000] "GET /mobius/c067/s?ty=4&lim=5 HTTP/1.1" 200 - "-" "Mozilla/5.0 (Windows NT 10.0; WOW64) AppleWebKit/537.36 (KHTML, like Gecko) Chrome/51.0.2704.103 Safari/537.36"
::1 - - [19/Jul/2016:10:51:07 +0000] "GET /mobius/c067/s?ty=4&lim=5 HTTP/1.1" 200 - "-" "Mozilla/5.0 (Windows NT 10.0; WOW64) AppleWebKit/537.36 (KHTML, like Gecko) Chrome/51.0.2704.103 Safari/537.36"
::1 - - [19/Jul/2016:10:51:11 +0000] "GET /mobius/c067/s?ty=4&lbl=s&lim=5 HTTP/1.1" 404 - "-" "Mozilla/5.0 (Windows NT 10.0; WOW64) AppleWebKit/537.36 (KHTML, like Gecko) Chrome/51.0.2704.103 Safari/537.36"
::1 - - [19/Jul/2016:10:51:16 +0000] "GET /mobius/c067/s?lim=5 HTTP/1.1" 200 - "-" "Mozilla/5.0 (Windows NT 10.0; WOW64) AppleWebKit/537.36 (KHTML, like Gecko) Chrome/51.0.2704.103 Safari/537.36"
::1 - - [19/Jul/2016:10:51:26 +0000] "GET /mobius?ty=2 HTTP/1.1" 200 - "-" "Mozilla/5.0 (Windows NT 10.0; WOW64) AppleWebKit/537.36 (KHTML, like Gecko) Chrome/51.0.2704.103 Safari/537.36"
::ffff:127.0.0.1 - - [19/Jul/2016:10:53:26 +0000] "GET /mobius HTTP/1.1" 200 - "-" "-"
::ffff:127.0.0.1 - - [19/Jul/2016:10:53:26 +0000] "GET /mobius?fu=1&ty=25 HTTP/1.1" 404 - "-" "-"
::1 - - [19/Jul/2016:10:53:31 +0000] "GET /mobius?ty=2 HTTP/1.1" 200 - "-" "Mozilla/5.0 (Windows NT 10.0; WOW64) AppleWebKit/537.36 (KHTML, like Gecko) Chrome/51.0.2704.103 Safari/537.36"
::ffff:127.0.0.1 - - [19/Jul/2016:10:53:52 +0000] "GET /mobius HTTP/1.1" 200 - "-" "-"
::ffff:127.0.0.1 - - [19/Jul/2016:10:54:02 +0000] "GET /mobius?fu=1&ty=25 HTTP/1.1" 404 - "-" "-"
::1 - - [19/Jul/2016:10:54:03 +0000] "GET /mobius?ty=2 HTTP/1.1" 200 - "-" "Mozilla/5.0 (Windows NT 10.0; WOW64) AppleWebKit/537.36 (KHTML, like Gecko) Chrome/51.0.2704.103 Safari/537.36"
::ffff:127.0.0.1 - - [19/Jul/2016:11:06:31 +0000] "GET /mobius HTTP/1.1" 200 - "-" "-"
::ffff:127.0.0.1 - - [19/Jul/2016:11:06:41 +0000] "GET /mobius?fu=1&ty=25 HTTP/1.1" 404 - "-" "-"
::1 - - [19/Jul/2016:11:06:44 +0000] "GET /mobius?ty=2 HTTP/1.1" 200 - "-" "Mozilla/5.0 (Windows NT 10.0; WOW64) AppleWebKit/537.36 (KHTML, like Gecko) Chrome/51.0.2704.103 Safari/537.36"
::ffff:127.0.0.1 - - [19/Jul/2016:11:07:41 +0000] "GET /mobius HTTP/1.1" 200 - "-" "-"
::ffff:127.0.0.1 - - [19/Jul/2016:11:07:41 +0000] "GET /mobius?fu=1&ty=25 HTTP/1.1" 404 - "-" "-"
::1 - - [19/Jul/2016:11:07:43 +0000] "GET /mobius?ty=2 HTTP/1.1" 200 - "-" "Mozilla/5.0 (Windows NT 10.0; WOW64) AppleWebKit/537.36 (KHTML, like Gecko) Chrome/51.0.2704.103 Safari/537.36"
::1 - - [19/Jul/2016:11:07:45 +0000] "GET /mobius?ty=2 HTTP/1.1" 200 - "-" "Mozilla/5.0 (Windows NT 10.0; WOW64) AppleWebKit/537.36 (KHTML, like Gecko) Chrome/51.0.2704.103 Safari/537.36"
::1 - - [19/Jul/2016:11:07:51 +0000] "GET /mobius?ty=3 HTTP/1.1" 200 - "-" "Mozilla/5.0 (Windows NT 10.0; WOW64) AppleWebKit/537.36 (KHTML, like Gecko) Chrome/51.0.2704.103 Safari/537.36"
::1 - - [19/Jul/2016:11:07:57 +0000] "GET /mobius?ty=4 HTTP/1.1" 200 - "-" "Mozilla/5.0 (Windows NT 10.0; WOW64) AppleWebKit/537.36 (KHTML, like Gecko) Chrome/51.0.2704.103 Safari/537.36"
::1 - - [19/Jul/2016:11:08:26 +0000] "GET /mobius/c067/s?lim=5 HTTP/1.1" 200 - "-" "Mozilla/5.0 (Windows NT 10.0; WOW64) AppleWebKit/537.36 (KHTML, like Gecko) Chrome/51.0.2704.103 Safari/537.36"
::1 - - [19/Jul/2016:11:08:54 +0000] "GET /mobius/c067/s?lim=5 HTTP/1.1" 200 - "-" "Mozilla/5.0 (Windows NT 10.0; WOW64) AppleWebKit/537.36 (KHTML, like Gecko) Chrome/51.0.2704.103 Safari/537.36"
::ffff:127.0.0.1 - - [19/Jul/2016:11:17:07 +0000] "GET /mobius HTTP/1.1" 200 - "-" "-"
::ffff:127.0.0.1 - - [19/Jul/2016:11:17:07 +0000] "GET /mobius?fu=1&ty=25 HTTP/1.1" 404 - "-" "-"
::1 - - [19/Jul/2016:11:17:07 +0000] "GET /mobius/c067/s?lim=5 HTTP/1.1" 200 - "-" "Mozilla/5.0 (Windows NT 10.0; WOW64) AppleWebKit/537.36 (KHTML, like Gecko) Chrome/51.0.2704.103 Safari/537.36"
::1 - - [19/Jul/2016:11:17:24 +0000] "GET /mobius/c067/s?ty=4&fu=1&lim=5 HTTP/1.1" 200 - "-" "Mozilla/5.0 (Windows NT 10.0; WOW64) AppleWebKit/537.36 (KHTML, like Gecko) Chrome/51.0.2704.103 Safari/537.36"
::ffff:127.0.0.1 - - [19/Jul/2016:11:19:21 +0000] "GET /mobius HTTP/1.1" 200 - "-" "-"
::ffff:127.0.0.1 - - [19/Jul/2016:11:19:21 +0000] "GET /mobius?fu=1&ty=25 HTTP/1.1" 404 - "-" "-"
::1 - - [19/Jul/2016:11:19:22 +0000] "GET /mobius/c067/s?ty=4&fu=1&lim=5 HTTP/1.1" 200 - "-" "Mozilla/5.0 (Windows NT 10.0; WOW64) AppleWebKit/537.36 (KHTML, like Gecko) Chrome/51.0.2704.103 Safari/537.36"
::1 - - [19/Jul/2016:11:19:23 +0000] "GET /mobius/c067/s?ty=4&fu=1&lim=5 HTTP/1.1" 200 - "-" "Mozilla/5.0 (Windows NT 10.0; WOW64) AppleWebKit/537.36 (KHTML, like Gecko) Chrome/51.0.2704.103 Safari/537.36"
::1 - - [19/Jul/2016:11:19:26 +0000] "GET /mobius/c067/s?lim=5 HTTP/1.1" 200 - "-" "Mozilla/5.0 (Windows NT 10.0; WOW64) AppleWebKit/537.36 (KHTML, like Gecko) Chrome/51.0.2704.103 Safari/537.36"
::1 - - [19/Jul/2016:11:19:39 +0000] "GET /mobius?ty=3 HTTP/1.1" 200 - "-" "Mozilla/5.0 (Windows NT 10.0; WOW64) AppleWebKit/537.36 (KHTML, like Gecko) Chrome/51.0.2704.103 Safari/537.36"
::ffff:127.0.0.1 - - [19/Jul/2016:11:21:03 +0000] "GET /mobius HTTP/1.1" 200 - "-" "-"
::ffff:127.0.0.1 - - [19/Jul/2016:11:21:04 +0000] "GET /mobius?fu=1&ty=25 HTTP/1.1" 404 - "-" "-"
::1 - - [19/Jul/2016:11:21:04 +0000] "GET /mobius?ty=3 HTTP/1.1" 200 - "-" "Mozilla/5.0 (Windows NT 10.0; WOW64) AppleWebKit/537.36 (KHTML, like Gecko) Chrome/51.0.2704.103 Safari/537.36"
::1 - - [19/Jul/2016:11:21:12 +0000] "GET /mobius?ty=3 HTTP/1.1" 200 - "-" "Mozilla/5.0 (Windows NT 10.0; WOW64) AppleWebKit/537.36 (KHTML, like Gecko) Chrome/51.0.2704.103 Safari/537.36"
::1 - - [19/Jul/2016:11:21:17 +0000] "GET /mobius?ty=3 HTTP/1.1" 200 - "-" "Mozilla/5.0 (Windows NT 10.0; WOW64) AppleWebKit/537.36 (KHTML, like Gecko) Chrome/51.0.2704.103 Safari/537.36"
::ffff:127.0.0.1 - - [19/Jul/2016:11:21:38 +0000] "GET /mobius HTTP/1.1" 200 - "-" "-"
::ffff:127.0.0.1 - - [19/Jul/2016:11:21:38 +0000] "GET /mobius?fu=1&ty=25 HTTP/1.1" 404 - "-" "-"
::ffff:127.0.0.1 - - [19/Jul/2016:11:21:49 +0000] "GET /mobius HTTP/1.1" 200 - "-" "-"
::ffff:127.0.0.1 - - [19/Jul/2016:11:21:50 +0000] "GET /mobius?fu=1&ty=25 HTTP/1.1" 404 - "-" "-"
::1 - - [19/Jul/2016:11:21:50 +0000] "GET /mobius?ty=3 HTTP/1.1" 200 - "-" "Mozilla/5.0 (Windows NT 10.0; WOW64) AppleWebKit/537.36 (KHTML, like Gecko) Chrome/51.0.2704.103 Safari/537.36"
::1 - - [19/Jul/2016:11:21:57 +0000] "GET /mobius?ty=3 HTTP/1.1" 200 - "-" "Mozilla/5.0 (Windows NT 10.0; WOW64) AppleWebKit/537.36 (KHTML, like Gecko) Chrome/51.0.2704.103 Safari/537.36"
::1 - - [19/Jul/2016:11:22:00 +0000] "GET /mobius/c067/s?lim=5 HTTP/1.1" 200 - "-" "Mozilla/5.0 (Windows NT 10.0; WOW64) AppleWebKit/537.36 (KHTML, like Gecko) Chrome/51.0.2704.103 Safari/537.36"
::1 - - [19/Jul/2016:11:22:48 +0000] "GET /mobius?ty=4 HTTP/1.1" 200 - "-" "Mozilla/5.0 (Windows NT 10.0; WOW64) AppleWebKit/537.36 (KHTML, like Gecko) Chrome/51.0.2704.103 Safari/537.36"
::1 - - [19/Jul/2016:11:23:11 +0000] "GET /mobius?ty=3 HTTP/1.1" 200 - "-" "Mozilla/5.0 (Windows NT 10.0; WOW64) AppleWebKit/537.36 (KHTML, like Gecko) Chrome/51.0.2704.103 Safari/537.36"
::1 - - [19/Jul/2016:11:23:14 +0000] "GET /mobius?ty=2 HTTP/1.1" 200 - "-" "Mozilla/5.0 (Windows NT 10.0; WOW64) AppleWebKit/537.36 (KHTML, like Gecko) Chrome/51.0.2704.103 Safari/537.36"
::1 - - [19/Jul/2016:11:23:27 +0000] "GET /mobius/c067/s?ty=4&fu=1&lim=5 HTTP/1.1" 200 - "-" "Mozilla/5.0 (Windows NT 10.0; WOW64) AppleWebKit/537.36 (KHTML, like Gecko) Chrome/51.0.2704.103 Safari/537.36"
::1 - - [19/Jul/2016:11:23:30 +0000] "GET /mobius/c067/s?ty=4&fu=1&lim=5 HTTP/1.1" 200 - "-" "Mozilla/5.0 (Windows NT 10.0; WOW64) AppleWebKit/537.36 (KHTML, like Gecko) Chrome/51.0.2704.103 Safari/537.36"
::1 - - [19/Jul/2016:11:23:33 +0000] "GET /mobius/c067/s?ty=4&fu=1&lim=5 HTTP/1.1" 200 - "-" "Mozilla/5.0 (Windows NT 10.0; WOW64) AppleWebKit/537.36 (KHTML, like Gecko) Chrome/51.0.2704.103 Safari/537.36"
::1 - - [19/Jul/2016:11:23:47 +0000] "GET /mobius/c067/s?ty=4&fu=1&lim=5 HTTP/1.1" 200 - "-" "Mozilla/5.0 (Windows NT 10.0; WOW64) AppleWebKit/537.36 (KHTML, like Gecko) Chrome/51.0.2704.103 Safari/537.36"
::1 - - [19/Jul/2016:11:23:51 +0000] "GET /mobius/c067/s?ty=4&fu=1&lim=5 HTTP/1.1" 200 - "-" "Mozilla/5.0 (Windows NT 10.0; WOW64) AppleWebKit/537.36 (KHTML, like Gecko) Chrome/51.0.2704.103 Safari/537.36"
::ffff:127.0.0.1 - - [19/Jul/2016:11:24:11 +0000] "GET /mobius HTTP/1.1" 200 - "-" "-"
::ffff:127.0.0.1 - - [19/Jul/2016:11:24:11 +0000] "GET /mobius?fu=1&ty=25 HTTP/1.1" 404 - "-" "-"
::1 - - [19/Jul/2016:11:24:13 +0000] "GET /mobius/c067/s?ty=4&fu=1&lim=5 HTTP/1.1" 200 - "-" "Mozilla/5.0 (Windows NT 10.0; WOW64) AppleWebKit/537.36 (KHTML, like Gecko) Chrome/51.0.2704.103 Safari/537.36"
::1 - - [19/Jul/2016:11:24:15 +0000] "GET /mobius/c067/s?ty=4&fu=1&lim=5 HTTP/1.1" 200 - "-" "Mozilla/5.0 (Windows NT 10.0; WOW64) AppleWebKit/537.36 (KHTML, like Gecko) Chrome/51.0.2704.103 Safari/537.36"
::1 - - [19/Jul/2016:11:24:59 +0000] "GET /mobius/c067/s?ty=4&fu=1&lim=5 HTTP/1.1" 200 - "-" "Mozilla/5.0 (Windows NT 10.0; WOW64) AppleWebKit/537.36 (KHTML, like Gecko) Chrome/51.0.2704.103 Safari/537.36"
::1 - - [19/Jul/2016:11:29:30 +0000] "GET /mobius-yt?ty=2 HTTP/1.1" - - "-" "Mozilla/5.0 (Windows NT 10.0; WOW64) AppleWebKit/537.36 (KHTML, like Gecko) Chrome/51.0.2704.103 Safari/537.36"
::ffff:127.0.0.1 - - [19/Jul/2016:11:34:07 +0000] "GET /mobius HTTP/1.1" 200 - "-" "-"
::ffff:127.0.0.1 - - [19/Jul/2016:11:34:07 +0000] "GET /mobius?fu=1&ty=25 HTTP/1.1" 404 - "-" "-"
::1 - - [19/Jul/2016:11:34:17 +0000] "GET /mobius/c067/s?ty=4&fu=1&lim=5 HTTP/1.1" 200 - "-" "Mozilla/5.0 (Windows NT 10.0; WOW64) AppleWebKit/537.36 (KHTML, like Gecko) Chrome/51.0.2704.103 Safari/537.36"
::1 - - [19/Jul/2016:11:34:25 +0000] "GET /mobius?ty=3 HTTP/1.1" 200 - "-" "Mozilla/5.0 (Windows NT 10.0; WOW64) AppleWebKit/537.36 (KHTML, like Gecko) Chrome/51.0.2704.103 Safari/537.36"
::1 - - [19/Jul/2016:11:41:27 +0000] "GET /mobius/c067/s/latest HTTP/1.1" 200 - "-" "Mozilla/5.0 (Windows NT 10.0; WOW64) AppleWebKit/537.36 (KHTML, like Gecko) Chrome/51.0.2704.103 Safari/537.36"
::ffff:127.0.0.1 - - [19/Jul/2016:11:42:43 +0000] "GET /mobius HTTP/1.1" 200 - "-" "-"
::ffff:127.0.0.1 - - [19/Jul/2016:11:48:44 +0000] "GET /mobius HTTP/1.1" 200 - "-" "-"
::ffff:127.0.0.1 - - [19/Jul/2016:11:48:44 +0000] "GET /mobius?fu=1&ty=25 HTTP/1.1" 404 - "-" "-"
::1 - - [19/Jul/2016:11:48:50 +0000] "GET /mobius/c067/s/latest HTTP/1.1" 200 - "-" "Mozilla/5.0 (Windows NT 10.0; WOW64) AppleWebKit/537.36 (KHTML, like Gecko) Chrome/51.0.2704.103 Safari/537.36"
::ffff:127.0.0.1 - - [19/Jul/2016:11:49:02 +0000] "GET /mobius HTTP/1.1" 200 - "-" "-"
::ffff:127.0.0.1 - - [19/Jul/2016:11:49:02 +0000] "GET /mobius?fu=1&ty=25 HTTP/1.1" 404 - "-" "-"
::1 - - [19/Jul/2016:11:49:03 +0000] "GET /mobius/c067/s/latest HTTP/1.1" 200 - "-" "Mozilla/5.0 (Windows NT 10.0; WOW64) AppleWebKit/537.36 (KHTML, like Gecko) Chrome/51.0.2704.103 Safari/537.36"
::1 - - [19/Jul/2016:11:49:06 +0000] "GET /mobius/c067/s/latest HTTP/1.1" 200 - "-" "Mozilla/5.0 (Windows NT 10.0; WOW64) AppleWebKit/537.36 (KHTML, like Gecko) Chrome/51.0.2704.103 Safari/537.36"
::1 - - [19/Jul/2016:11:49:07 +0000] "GET /mobius/c067/s/latest HTTP/1.1" 200 - "-" "Mozilla/5.0 (Windows NT 10.0; WOW64) AppleWebKit/537.36 (KHTML, like Gecko) Chrome/51.0.2704.103 Safari/537.36"
::1 - - [19/Jul/2016:11:49:08 +0000] "GET /mobius/c067/s/latest HTTP/1.1" 200 - "-" "Mozilla/5.0 (Windows NT 10.0; WOW64) AppleWebKit/537.36 (KHTML, like Gecko) Chrome/51.0.2704.103 Safari/537.36"
::1 - - [19/Jul/2016:11:49:09 +0000] "GET /mobius/c067/s/latest HTTP/1.1" 200 - "-" "Mozilla/5.0 (Windows NT 10.0; WOW64) AppleWebKit/537.36 (KHTML, like Gecko) Chrome/51.0.2704.103 Safari/537.36"
::1 - - [19/Jul/2016:11:49:10 +0000] "GET /mobius/c067/s/latest HTTP/1.1" 200 - "-" "Mozilla/5.0 (Windows NT 10.0; WOW64) AppleWebKit/537.36 (KHTML, like Gecko) Chrome/51.0.2704.103 Safari/537.36"
::ffff:127.0.0.1 - - [19/Jul/2016:11:51:28 +0000] "GET /mobius HTTP/1.1" 200 - "-" "-"
::ffff:127.0.0.1 - - [19/Jul/2016:11:51:28 +0000] "GET /mobius?fu=1&ty=25 HTTP/1.1" 404 - "-" "-"
::1 - - [19/Jul/2016:11:51:29 +0000] "GET /mobius/c067/s/latest HTTP/1.1" 200 - "-" "Mozilla/5.0 (Windows NT 10.0; WOW64) AppleWebKit/537.36 (KHTML, like Gecko) Chrome/51.0.2704.103 Safari/537.36"
::1 - - [19/Jul/2016:11:51:30 +0000] "GET /mobius/c067/s/latest HTTP/1.1" 200 - "-" "Mozilla/5.0 (Windows NT 10.0; WOW64) AppleWebKit/537.36 (KHTML, like Gecko) Chrome/51.0.2704.103 Safari/537.36"
::1 - - [19/Jul/2016:11:51:36 +0000] "GET /mobius/c067/s/la HTTP/1.1" 200 - "-" "Mozilla/5.0 (Windows NT 10.0; WOW64) AppleWebKit/537.36 (KHTML, like Gecko) Chrome/51.0.2704.103 Safari/537.36"
::1 - - [19/Jul/2016:11:51:41 +0000] "GET /mobius/c067/s/ol HTTP/1.1" 200 - "-" "Mozilla/5.0 (Windows NT 10.0; WOW64) AppleWebKit/537.36 (KHTML, like Gecko) Chrome/51.0.2704.103 Safari/537.36"
::1 - - [19/Jul/2016:11:51:46 +0000] "GET /mobius/c067/s/la HTTP/1.1" 200 - "-" "Mozilla/5.0 (Windows NT 10.0; WOW64) AppleWebKit/537.36 (KHTML, like Gecko) Chrome/51.0.2704.103 Safari/537.36"
::1 - - [19/Jul/2016:11:51:56 +0000] "GET /mobius/c067/s/la HTTP/1.1" 200 - "-" "Mozilla/5.0 (Windows NT 10.0; WOW64) AppleWebKit/537.36 (KHTML, like Gecko) Chrome/51.0.2704.103 Safari/537.36"
::1 - - [19/Jul/2016:11:52:04 +0000] "GET /mobius/c067/s/ol HTTP/1.1" 200 - "-" "Mozilla/5.0 (Windows NT 10.0; WOW64) AppleWebKit/537.36 (KHTML, like Gecko) Chrome/51.0.2704.103 Safari/537.36"
::1 - - [19/Jul/2016:11:52:21 +0000] "GET /mobius/c067/s/la HTTP/1.1" 200 - "-" "Mozilla/5.0 (Windows NT 10.0; WOW64) AppleWebKit/537.36 (KHTML, like Gecko) Chrome/51.0.2704.103 Safari/537.36"
::1 - - [19/Jul/2016:11:53:47 +0000] "GET /mobius/c067/s/la HTTP/1.1" 200 - "-" "Mozilla/5.0 (Windows NT 10.0; WOW64) AppleWebKit/537.36 (KHTML, like Gecko) Chrome/51.0.2704.103 Safari/537.36"
::ffff:127.0.0.1 - - [19/Jul/2016:11:53:48 +0000] "GET /mobius HTTP/1.1" 200 - "-" "-"
::ffff:127.0.0.1 - - [19/Jul/2016:11:53:49 +0000] "GET /mobius?fu=1&ty=25 HTTP/1.1" 404 - "-" "-"
::1 - - [19/Jul/2016:11:53:53 +0000] "GET /mobius/c067/s/la HTTP/1.1" 200 - "-" "Mozilla/5.0 (Windows NT 10.0; WOW64) AppleWebKit/537.36 (KHTML, like Gecko) Chrome/51.0.2704.103 Safari/537.36"
::1 - - [19/Jul/2016:11:53:56 +0000] "GET /mobius/c067/s/ol HTTP/1.1" 200 - "-" "Mozilla/5.0 (Windows NT 10.0; WOW64) AppleWebKit/537.36 (KHTML, like Gecko) Chrome/51.0.2704.103 Safari/537.36"
