::ffff:203.254.173.212 - - [09/May/2016:14:23:10 +0000] "POST /mobius-yt HTTP/1.1" 201 - "-" "Apache-HttpClient/4.3.3 (java 1.5)"
::ffff:203.254.173.181 - - [09/May/2016:14:23:11 +0000] "PUT /mobius-yt/my_acp4 HTTP/1.1" 403 - "-" "Mozilla/5.0 (Windows NT 10.0; WOW64) AppleWebKit/537.36 (KHTML, like Gecko) Chrome/50.0.2661.94 Safari/537.36"
::ffff:203.254.173.212 - - [09/May/2016:14:23:15 +0000] "GET /mobius-yt/keti_asn_acp HTTP/1.1" 200 - "-" "Apache-HttpClient/4.3.3 (java 1.5)"
::ffff:203.254.173.212 - - [09/May/2016:14:23:16 +0000] "PUT /mobius-yt/keti_asn_acp HTTP/1.1" 400 - "-" "Apache-HttpClient/4.3.3 (java 1.5)"
::ffff:203.254.173.181 - - [09/May/2016:14:23:19 +0000] "PUT /mobius-yt/my_acp4 HTTP/1.1" 400 - "-" "Mozilla/5.0 (Windows NT 10.0; WOW64) AppleWebKit/537.36 (KHTML, like Gecko) Chrome/50.0.2661.94 Safari/537.36"
::ffff:203.254.173.181 - - [09/May/2016:14:23:43 +0000] "PUT /mobius-yt/my_acp4 HTTP/1.1" 200 - "-" "Mozilla/5.0 (Windows NT 10.0; WOW64) AppleWebKit/537.36 (KHTML, like Gecko) Chrome/50.0.2661.94 Safari/537.36"
::ffff:203.254.173.212 - - [09/May/2016:14:24:44 +0000] "POST /mobius-yt HTTP/1.1" 409 - "-" "Apache-HttpClient/4.3.3 (java 1.5)"
::ffff:203.254.173.212 - - [09/May/2016:14:24:45 +0000] "GET /mobius-yt/keti_asn_acp HTTP/1.1" 200 - "-" "Apache-HttpClient/4.3.3 (java 1.5)"
::ffff:203.254.173.212 - - [09/May/2016:14:24:47 +0000] "PUT /mobius-yt/keti_asn_acp HTTP/1.1" 200 - "-" "Apache-HttpClient/4.3.3 (java 1.5)"
::ffff:203.254.173.212 - - [09/May/2016:14:24:48 +0000] "DELETE /mobius-yt/keti_asn_acp HTTP/1.1" 200 - "-" "Apache-HttpClient/4.3.3 (java 1.5)"
::ffff:203.254.173.212 - - [09/May/2016:14:24:50 +0000] "GET /mobius-yt/keti_asn_acp HTTP/1.1" 404 - "-" "Apache-HttpClient/4.3.3 (java 1.5)"
::ffff:203.254.173.181 - - [09/May/2016:14:25:41 +0000] "PUT /mobius-yt/my_acp4 HTTP/1.1" 200 - "-" "Mozilla/5.0 (Windows NT 10.0; WOW64) AppleWebKit/537.36 (KHTML, like Gecko) Chrome/50.0.2661.94 Safari/537.36"
::ffff:203.254.173.181 - - [09/May/2016:14:26:03 +0000] "PUT /mobius-yt/my_acp4 HTTP/1.1" 200 - "-" "Mozilla/5.0 (Windows NT 10.0; WOW64) AppleWebKit/537.36 (KHTML, like Gecko) Chrome/50.0.2661.94 Safari/537.36"
::ffff:127.0.0.1 - - [09/May/2016:14:27:50 +0000] "GET /mobius-yt HTTP/1.1" 200 - "-" "-"
::ffff:127.0.0.1 - - [09/May/2016:14:27:51 +0000] "GET /mobius-yt?fu=1&ty=25 HTTP/1.1" 404 - "-" "-"
::1 - - [09/May/2016:14:28:21 +0000] "PUT /mobius-yt/acp1 HTTP/1.1" 200 - "-" "Mozilla/5.0 (Windows NT 10.0; WOW64) AppleWebKit/537.36 (KHTML, like Gecko) Chrome/50.0.2661.94 Safari/537.36"
::ffff:203.254.173.212 - - [09/May/2016:14:28:57 +0000] "POST /mobius-yt HTTP/1.1" 201 - "-" "Apache-HttpClient/4.3.3 (java 1.5)"
::ffff:203.254.173.212 - - [09/May/2016:14:29:08 +0000] "POST /mobius-yt HTTP/1.1" 201 - "-" "Apache-HttpClient/4.3.3 (java 1.5)"
::ffff:203.254.173.212 - - [09/May/2016:14:29:36 +0000] "DELETE /mobius-yt/keti_asn_acp HTTP/1.1" 200 - "-" "Apache-HttpClient/4.3.3 (java 1.5)"
::ffff:203.254.173.212 - - [09/May/2016:14:29:38 +0000] "POST /mobius-yt HTTP/1.1" 201 - "-" "Apache-HttpClient/4.3.3 (java 1.5)"
::ffff:203.254.173.212 - - [09/May/2016:14:29:42 +0000] "POST /mobius-yt HTTP/1.1" 409 - "-" "Apache-HttpClient/4.3.3 (java 1.5)"
::ffff:203.254.173.212 - - [09/May/2016:14:29:47 +0000] "DELETE /mobius-yt/keti_asn HTTP/1.1" 200 - "-" "Apache-HttpClient/4.3.3 (java 1.5)"
::ffff:203.254.173.212 - - [09/May/2016:14:29:58 +0000] "DELETE /mobius-yt/keti_asn_acp HTTP/1.1" 200 - "-" "Apache-HttpClient/4.3.3 (java 1.5)"
::ffff:203.254.173.212 - - [09/May/2016:14:29:59 +0000] "POST /mobius-yt HTTP/1.1" 201 - "-" "Apache-HttpClient/4.3.3 (java 1.5)"
::ffff:203.254.173.212 - - [09/May/2016:14:30:03 +0000] "POST /mobius-yt HTTP/1.1" 201 - "-" "Apache-HttpClient/4.3.3 (java 1.5)"
::ffff:203.254.173.212 - - [09/May/2016:14:30:53 +0000] "DELETE /mobius-yt/keti_asn_acp HTTP/1.1" 200 - "-" "Apache-HttpClient/4.3.3 (java 1.5)"
::ffff:203.254.173.212 - - [09/May/2016:14:31:33 +0000] "DELETE /mobius-yt/keti_asn_acp HTTP/1.1" 404 - "-" "Apache-HttpClient/4.3.3 (java 1.5)"
::ffff:203.254.173.212 - - [09/May/2016:14:31:35 +0000] "POST /mobius-yt HTTP/1.1" 201 - "-" "Apache-HttpClient/4.3.3 (java 1.5)"
::ffff:203.254.173.212 - - [09/May/2016:14:32:13 +0000] "DELETE /mobius-yt/keti_asn_acp HTTP/1.1" 200 - "-" "Apache-HttpClient/4.3.3 (java 1.5)"
::ffff:203.254.173.212 - - [09/May/2016:14:32:15 +0000] "POST /mobius-yt HTTP/1.1" 201 - "-" "Apache-HttpClient/4.3.3 (java 1.5)"
::ffff:203.254.173.212 - - [09/May/2016:14:33:48 +0000] "DELETE /mobius-yt/keti_asn_acp HTTP/1.1" 200 - "-" "Apache-HttpClient/4.3.3 (java 1.5)"
::ffff:203.254.173.181 - - [09/May/2016:14:33:48 +0000] "PUT /mobius-yt/my_acp4 HTTP/1.1" 200 - "-" "Mozilla/5.0 (Windows NT 10.0; WOW64) AppleWebKit/537.36 (KHTML, like Gecko) Chrome/50.0.2661.94 Safari/537.36"
::ffff:203.254.173.212 - - [09/May/2016:14:33:49 +0000] "POST /mobius-yt HTTP/1.1" 201 - "-" "Apache-HttpClient/4.3.3 (java 1.5)"
::ffff:203.254.173.212 - - [09/May/2016:14:33:52 +0000] "POST /mobius-yt HTTP/1.1" 409 - "-" "Apache-HttpClient/4.3.3 (java 1.5)"
::ffff:203.254.173.212 - - [09/May/2016:14:33:54 +0000] "DELETE /mobius-yt/keti_asn HTTP/1.1" 200 - "-" "Apache-HttpClient/4.3.3 (java 1.5)"
::ffff:203.254.173.212 - - [09/May/2016:14:33:55 +0000] "POST /mobius-yt HTTP/1.1" 201 - "-" "Apache-HttpClient/4.3.3 (java 1.5)"
::ffff:203.254.173.181 - - [09/May/2016:14:34:35 +0000] "PUT /mobius-yt/my_acp4 HTTP/1.1" 200 - "-" "Mozilla/5.0 (Windows NT 10.0; WOW64) AppleWebKit/537.36 (KHTML, like Gecko) Chrome/50.0.2661.94 Safari/537.36"
::ffff:203.254.173.181 - - [09/May/2016:14:34:39 +0000] "PUT /mobius-yt/my_acp4 HTTP/1.1" 200 - "-" "Mozilla/5.0 (Windows NT 10.0; WOW64) AppleWebKit/537.36 (KHTML, like Gecko) Chrome/50.0.2661.94 Safari/537.36"
::ffff:203.254.173.181 - - [09/May/2016:14:34:40 +0000] "PUT /mobius-yt/my_acp4 HTTP/1.1" 200 - "-" "Mozilla/5.0 (Windows NT 10.0; WOW64) AppleWebKit/537.36 (KHTML, like Gecko) Chrome/50.0.2661.94 Safari/537.36"
::ffff:203.254.173.181 - - [09/May/2016:14:34:46 +0000] "PUT /mobius-yt/my_acp4 HTTP/1.1" 200 - "-" "Mozilla/5.0 (Windows NT 10.0; WOW64) AppleWebKit/537.36 (KHTML, like Gecko) Chrome/50.0.2661.94 Safari/537.36"
::ffff:203.254.173.181 - - [09/May/2016:14:34:47 +0000] "PUT /mobius-yt/my_acp4 HTTP/1.1" 200 - "-" "Mozilla/5.0 (Windows NT 10.0; WOW64) AppleWebKit/537.36 (KHTML, like Gecko) Chrome/50.0.2661.94 Safari/537.36"
::ffff:203.254.173.181 - - [09/May/2016:14:34:47 +0000] "PUT /mobius-yt/my_acp4 HTTP/1.1" 200 - "-" "Mozilla/5.0 (Windows NT 10.0; WOW64) AppleWebKit/537.36 (KHTML, like Gecko) Chrome/50.0.2661.94 Safari/537.36"
::ffff:203.254.173.181 - - [09/May/2016:14:34:47 +0000] "PUT /mobius-yt/my_acp4 HTTP/1.1" 200 - "-" "Mozilla/5.0 (Windows NT 10.0; WOW64) AppleWebKit/537.36 (KHTML, like Gecko) Chrome/50.0.2661.94 Safari/537.36"
::ffff:203.254.173.181 - - [09/May/2016:14:34:53 +0000] "PUT /mobius-yt/my_acp4 HTTP/1.1" 200 - "-" "Mozilla/5.0 (Windows NT 10.0; WOW64) AppleWebKit/537.36 (KHTML, like Gecko) Chrome/50.0.2661.94 Safari/537.36"
::ffff:203.254.173.181 - - [09/May/2016:14:35:32 +0000] "GET /mobius-yt HTTP/1.1" 200 - "-" "-"
::ffff:203.254.173.181 - - [09/May/2016:14:35:33 +0000] "DELETE /mobius-yt/ae_test HTTP/1.1" 404 - "-" "-"
::ffff:203.254.173.181 - - [09/May/2016:14:35:33 +0000] "POST /mobius-yt HTTP/1.1" 201 - "-" "-"
::ffff:203.254.173.181 - - [09/May/2016:14:35:33 +0000] "DELETE /mobius-yt/ae_test HTTP/1.1" 200 - "-" "-"
::ffff:203.254.173.181 - - [09/May/2016:14:35:34 +0000] "DELETE /mobius-yt/ae_test HTTP/1.1" 404 - "-" "-"
::ffff:203.254.173.181 - - [09/May/2016:14:35:34 +0000] "POST /mobius-yt HTTP/1.1" 201 - "-" "-"
::ffff:203.254.173.181 - - [09/May/2016:14:35:34 +0000] "POST /mobius-yt HTTP/1.1" 201 - "-" "-"
::ffff:203.254.173.212 - - [09/May/2016:14:36:09 +0000] "GET /mobius-yt/keti_asn_acp HTTP/1.1" 403 - "-" "Mozilla/5.0 (Windows NT 10.0; WOW64) AppleWebKit/537.36 (KHTML, like Gecko) Chrome/50.0.2661.94 Safari/537.36"
::ffff:203.254.173.212 - - [09/May/2016:14:36:26 +0000] "GET /mobius-yt/keti_asn_acp HTTP/1.1" 200 - "-" "Mozilla/5.0 (Windows NT 10.0; WOW64) AppleWebKit/537.36 (KHTML, like Gecko) Chrome/50.0.2661.94 Safari/537.36"
::ffff:203.254.173.181 - - [09/May/2016:14:36:35 +0000] "DELETE /mobius-yt/myACP HTTP/1.1" 200 - "-" "-"
::ffff:203.254.173.181 - - [09/May/2016:14:36:35 +0000] "POST /mobius-yt HTTP/1.1" 201 - "-" "-"
::ffff:203.254.173.181 - - [09/May/2016:14:36:35 +0000] "POST /mobius-yt HTTP/1.1" 409 - "-" "-"
::ffff:203.254.173.181 - - [09/May/2016:14:36:36 +0000] "POST /mobius-yt HTTP/1.1" 409 - "-" "-"
::ffff:203.254.173.181 - - [09/May/2016:14:36:36 +0000] "POST /mobius-yt HTTP/1.1" 409 - "-" "-"
::ffff:203.254.173.181 - - [09/May/2016:14:36:36 +0000] "POST /mobius-yt HTTP/1.1" 409 - "-" "-"
::ffff:203.254.173.181 - - [09/May/2016:14:36:36 +0000] "POST /mobius-yt HTTP/1.1" 409 - "-" "-"
::ffff:203.254.173.181 - - [09/May/2016:14:36:37 +0000] "POST /mobius-yt HTTP/1.1" 409 - "-" "-"
::ffff:203.254.173.181 - - [09/May/2016:14:36:37 +0000] "POST /mobius-yt HTTP/1.1" 409 - "-" "-"
::ffff:203.254.173.181 - - [09/May/2016:14:36:38 +0000] "POST /mobius-yt HTTP/1.1" 409 - "-" "-"
::ffff:203.254.173.181 - - [09/May/2016:14:36:38 +0000] "POST /mobius-yt HTTP/1.1" 409 - "-" "-"
::ffff:203.254.173.181 - - [09/May/2016:14:36:39 +0000] "POST /mobius-yt HTTP/1.1" 409 - "-" "-"
::ffff:203.254.173.181 - - [09/May/2016:14:36:39 +0000] "POST /mobius-yt HTTP/1.1" 409 - "-" "-"
::ffff:203.254.173.181 - - [09/May/2016:14:36:40 +0000] "POST /mobius-yt HTTP/1.1" 409 - "-" "-"
::ffff:203.254.173.181 - - [09/May/2016:14:36:40 +0000] "POST /mobius-yt HTTP/1.1" 409 - "-" "-"
::ffff:203.254.173.181 - - [09/May/2016:14:36:40 +0000] "POST /mobius-yt HTTP/1.1" 409 - "-" "-"
::ffff:203.254.173.181 - - [09/May/2016:14:36:40 +0000] "POST /mobius-yt HTTP/1.1" 409 - "-" "-"
::ffff:203.254.173.181 - - [09/May/2016:14:36:41 +0000] "POST /mobius-yt HTTP/1.1" 409 - "-" "-"
::ffff:203.254.173.181 - - [09/May/2016:14:36:41 +0000] "POST /mobius-yt HTTP/1.1" 409 - "-" "-"
::ffff:203.254.173.181 - - [09/May/2016:14:36:42 +0000] "POST /mobius-yt HTTP/1.1" 409 - "-" "-"
::ffff:203.254.173.181 - - [09/May/2016:14:36:42 +0000] "POST /mobius-yt HTTP/1.1" 409 - "-" "-"
::ffff:203.254.173.181 - - [09/May/2016:14:36:43 +0000] "POST /mobius-yt HTTP/1.1" 409 - "-" "-"
::ffff:203.254.173.181 - - [09/May/2016:14:36:43 +0000] "POST /mobius-yt HTTP/1.1" 409 - "-" "-"
::ffff:203.254.173.181 - - [09/May/2016:14:36:44 +0000] "POST /mobius-yt HTTP/1.1" 409 - "-" "-"
::ffff:203.254.173.181 - - [09/May/2016:14:36:44 +0000] "POST /mobius-yt HTTP/1.1" 409 - "-" "-"
::ffff:203.254.173.181 - - [09/May/2016:14:36:44 +0000] "POST /mobius-yt HTTP/1.1" 409 - "-" "-"
::ffff:203.254.173.181 - - [09/May/2016:14:36:44 +0000] "POST /mobius-yt HTTP/1.1" 409 - "-" "-"
::ffff:203.254.173.181 - - [09/May/2016:14:36:45 +0000] "POST /mobius-yt HTTP/1.1" 409 - "-" "-"
::ffff:203.254.173.181 - - [09/May/2016:14:36:45 +0000] "POST /mobius-yt HTTP/1.1" 409 - "-" "-"
::ffff:203.254.173.181 - - [09/May/2016:14:36:46 +0000] "POST /mobius-yt HTTP/1.1" 409 - "-" "-"
::ffff:203.254.173.181 - - [09/May/2016:14:36:46 +0000] "POST /mobius-yt HTTP/1.1" 409 - "-" "-"
::ffff:203.254.173.181 - - [09/May/2016:14:36:47 +0000] "POST /mobius-yt HTTP/1.1" 409 - "-" "-"
::ffff:203.254.173.181 - - [09/May/2016:14:36:47 +0000] "POST /mobius-yt HTTP/1.1" 409 - "-" "-"
::ffff:203.254.173.181 - - [09/May/2016:14:36:48 +0000] "POST /mobius-yt HTTP/1.1" 409 - "-" "-"
::ffff:203.254.173.181 - - [09/May/2016:14:36:48 +0000] "POST /mobius-yt HTTP/1.1" 409 - "-" "-"
::ffff:203.254.173.181 - - [09/May/2016:14:36:49 +0000] "POST /mobius-yt HTTP/1.1" 409 - "-" "-"
::ffff:203.254.173.181 - - [09/May/2016:14:36:49 +0000] "POST /mobius-yt HTTP/1.1" 409 - "-" "-"
::ffff:203.254.173.181 - - [09/May/2016:14:36:49 +0000] "POST /mobius-yt HTTP/1.1" 409 - "-" "-"
::ffff:203.254.173.181 - - [09/May/2016:14:36:49 +0000] "POST /mobius-yt HTTP/1.1" 409 - "-" "-"
::ffff:203.254.173.181 - - [09/May/2016:14:36:51 +0000] "POST /mobius-yt HTTP/1.1" 409 - "-" "-"
::ffff:203.254.173.181 - - [09/May/2016:14:36:51 +0000] "POST /mobius-yt HTTP/1.1" 409 - "-" "-"
::ffff:203.254.173.181 - - [09/May/2016:14:36:52 +0000] "POST /mobius-yt HTTP/1.1" 409 - "-" "-"
::ffff:203.254.173.181 - - [09/May/2016:14:36:52 +0000] "POST /mobius-yt HTTP/1.1" 409 - "-" "-"
::ffff:203.254.173.181 - - [09/May/2016:14:36:53 +0000] "POST /mobius-yt HTTP/1.1" 409 - "-" "-"
::ffff:203.254.173.181 - - [09/May/2016:14:36:53 +0000] "POST /mobius-yt HTTP/1.1" 409 - "-" "-"
::ffff:203.254.173.181 - - [09/May/2016:14:36:54 +0000] "POST /mobius-yt HTTP/1.1" 409 - "-" "-"
::ffff:203.254.173.181 - - [09/May/2016:14:36:54 +0000] "POST /mobius-yt HTTP/1.1" 409 - "-" "-"
::ffff:203.254.173.181 - - [09/May/2016:14:36:55 +0000] "POST /mobius-yt HTTP/1.1" 409 - "-" "-"
::ffff:203.254.173.181 - - [09/May/2016:14:36:55 +0000] "POST /mobius-yt HTTP/1.1" 409 - "-" "-"
::ffff:203.254.173.181 - - [09/May/2016:14:36:55 +0000] "POST /mobius-yt HTTP/1.1" 409 - "-" "-"
::ffff:203.254.173.181 - - [09/May/2016:14:36:55 +0000] "POST /mobius-yt HTTP/1.1" 409 - "-" "-"
::ffff:203.254.173.181 - - [09/May/2016:14:36:56 +0000] "POST /mobius-yt HTTP/1.1" 409 - "-" "-"
::ffff:203.254.173.181 - - [09/May/2016:14:36:56 +0000] "POST /mobius-yt HTTP/1.1" 409 - "-" "-"
::ffff:203.254.173.181 - - [09/May/2016:14:38:17 +0000] "PUT /mobius-yt/my_acp4 HTTP/1.1" 200 - "-" "Mozilla/5.0 (Windows NT 10.0; WOW64) AppleWebKit/537.36 (KHTML, like Gecko) Chrome/50.0.2661.94 Safari/537.36"
::ffff:203.254.173.181 - - [09/May/2016:14:38:18 +0000] "PUT /mobius-yt/my_acp4 HTTP/1.1" 200 - "-" "Mozilla/5.0 (Windows NT 10.0; WOW64) AppleWebKit/537.36 (KHTML, like Gecko) Chrome/50.0.2661.94 Safari/537.36"
::ffff:203.254.173.181 - - [09/May/2016:14:38:19 +0000] "PUT /mobius-yt/my_acp4 HTTP/1.1" 200 - "-" "Mozilla/5.0 (Windows NT 10.0; WOW64) AppleWebKit/537.36 (KHTML, like Gecko) Chrome/50.0.2661.94 Safari/537.36"
::ffff:203.254.173.181 - - [09/May/2016:14:38:19 +0000] "PUT /mobius-yt/my_acp4 HTTP/1.1" 200 - "-" "Mozilla/5.0 (Windows NT 10.0; WOW64) AppleWebKit/537.36 (KHTML, like Gecko) Chrome/50.0.2661.94 Safari/537.36"
::ffff:203.254.173.181 - - [09/May/2016:14:38:19 +0000] "PUT /mobius-yt/my_acp4 HTTP/1.1" 200 - "-" "Mozilla/5.0 (Windows NT 10.0; WOW64) AppleWebKit/537.36 (KHTML, like Gecko) Chrome/50.0.2661.94 Safari/537.36"
::ffff:203.254.173.181 - - [09/May/2016:14:38:19 +0000] "PUT /mobius-yt/my_acp4 HTTP/1.1" 200 - "-" "Mozilla/5.0 (Windows NT 10.0; WOW64) AppleWebKit/537.36 (KHTML, like Gecko) Chrome/50.0.2661.94 Safari/537.36"
::ffff:203.254.173.181 - - [09/May/2016:14:38:19 +0000] "PUT /mobius-yt/my_acp4 HTTP/1.1" 200 - "-" "Mozilla/5.0 (Windows NT 10.0; WOW64) AppleWebKit/537.36 (KHTML, like Gecko) Chrome/50.0.2661.94 Safari/537.36"
::ffff:203.254.173.181 - - [09/May/2016:14:38:20 +0000] "PUT /mobius-yt/my_acp4 HTTP/1.1" 200 - "-" "Mozilla/5.0 (Windows NT 10.0; WOW64) AppleWebKit/537.36 (KHTML, like Gecko) Chrome/50.0.2661.94 Safari/537.36"
::ffff:203.254.173.181 - - [09/May/2016:14:38:24 +0000] "PUT /mobius-yt/my_acp4 HTTP/1.1" 200 - "-" "Mozilla/5.0 (Windows NT 10.0; WOW64) AppleWebKit/537.36 (KHTML, like Gecko) Chrome/50.0.2661.94 Safari/537.36"
::1 - - [09/May/2016:14:40:13 +0000] "POST /mobius-yt HTTP/1.1" 409 - "-" "Mozilla/5.0 (Windows NT 10.0; WOW64) AppleWebKit/537.36 (KHTML, like Gecko) Chrome/50.0.2661.94 Safari/537.36"
::1 - - [09/May/2016:14:40:18 +0000] "GET /mobius-yt/AE_1 HTTP/1.1" 404 - "-" "Mozilla/5.0 (Windows NT 10.0; WOW64) AppleWebKit/537.36 (KHTML, like Gecko) Chrome/50.0.2661.94 Safari/537.36"
::1 - - [09/May/2016:14:40:28 +0000] "DELETE /mobius-yt/ryeubi HTTP/1.1" 200 - "-" "Mozilla/5.0 (Windows NT 10.0; WOW64) AppleWebKit/537.36 (KHTML, like Gecko) Chrome/50.0.2661.94 Safari/537.36"
::1 - - [09/May/2016:14:40:34 +0000] "POST /mobius-yt HTTP/1.1" 201 - "-" "Mozilla/5.0 (Windows NT 10.0; WOW64) AppleWebKit/537.36 (KHTML, like Gecko) Chrome/50.0.2661.94 Safari/537.36"
::ffff:127.0.0.1 - - [09/May/2016:14:41:40 +0000] "GET /mobius-yt HTTP/1.1" 200 - "-" "-"
::ffff:127.0.0.1 - - [09/May/2016:14:41:40 +0000] "GET /mobius-yt?fu=1&ty=25 HTTP/1.1" 404 - "-" "-"
::1 - - [09/May/2016:14:41:41 +0000] "GET /mobius-yt/ryeubi HTTP/1.1" 200 - "-" "Mozilla/5.0 (Windows NT 10.0; WOW64) AppleWebKit/537.36 (KHTML, like Gecko) Chrome/50.0.2661.94 Safari/537.36"
::ffff:203.254.173.212 - - [09/May/2016:14:44:13 +0000] "DELETE /mobius-yt/keti_adn HTTP/1.1" 404 - "-" "Apache-HttpClient/4.3.3 (java 1.5)"
::ffff:203.254.173.212 - - [09/May/2016:14:44:16 +0000] "POST /mobius-yt HTTP/1.1" 409 - "-" "Apache-HttpClient/4.3.3 (java 1.5)"
::ffff:203.254.173.212 - - [09/May/2016:14:44:18 +0000] "DELETE /mobius-yt/keti_asn_acp HTTP/1.1" 200 - "-" "Apache-HttpClient/4.3.3 (java 1.5)"
::ffff:203.254.173.212 - - [09/May/2016:14:44:19 +0000] "POST /mobius-yt HTTP/1.1" 201 - "-" "Apache-HttpClient/4.3.3 (java 1.5)"
::ffff:203.254.173.212 - - [09/May/2016:14:44:23 +0000] "POST /mobius-yt HTTP/1.1" 201 - "-" "Apache-HttpClient/4.3.3 (java 1.5)"
::ffff:203.254.173.212 - - [09/May/2016:14:44:29 +0000] "GET /mobius-yt/keti_adn HTTP/1.1" 200 - "-" "Apache-HttpClient/4.3.3 (java 1.5)"
::ffff:203.254.173.212 - - [09/May/2016:14:44:31 +0000] "PUT /mobius-yt/keti_adn HTTP/1.1" 200 - "-" "Apache-HttpClient/4.3.3 (java 1.5)"
::ffff:203.254.173.212 - - [09/May/2016:14:44:37 +0000] "POST /mobius-yt/keti_adn HTTP/1.1" 201 - "-" "Apache-HttpClient/4.3.3 (java 1.5)"
::ffff:203.254.173.212 - - [09/May/2016:14:44:38 +0000] "GET /mobius-yt/keti_adn/testcon HTTP/1.1" 200 - "-" "Apache-HttpClient/4.3.3 (java 1.5)"
::ffff:203.254.173.212 - - [09/May/2016:14:44:38 +0000] "PUT /mobius-yt/keti_adn/testcon HTTP/1.1" 200 - "-" "Apache-HttpClient/4.3.3 (java 1.5)"
::ffff:203.254.173.181 - - [09/May/2016:14:44:42 +0000] "GET /mobius-yt HTTP/1.1" 200 - "-" "-"
::ffff:203.254.173.181 - - [09/May/2016:14:44:43 +0000] "DELETE /mobius-yt/ae_test HTTP/1.1" 200 - "-" "-"
::ffff:203.254.173.181 - - [09/May/2016:14:44:43 +0000] "POST /mobius-yt HTTP/1.1" 201 - "-" "-"
::ffff:203.254.173.181 - - [09/May/2016:14:44:43 +0000] "DELETE /mobius-yt/ae_test HTTP/1.1" 200 - "-" "-"
::ffff:203.254.173.181 - - [09/May/2016:14:44:44 +0000] "DELETE /mobius-yt/ae_test HTTP/1.1" 404 - "-" "-"
::ffff:203.254.173.181 - - [09/May/2016:14:44:44 +0000] "POST /mobius-yt HTTP/1.1" 409 - "-" "-"
::ffff:203.254.173.181 - - [09/May/2016:14:44:44 +0000] "POST /mobius-yt HTTP/1.1" 201 - "-" "-"
::ffff:203.254.173.181 - - [09/May/2016:14:44:44 +0000] "POST /mobius-yt/ae_test HTTP/1.1" 403 - "-" "-"
::ffff:203.254.173.181 - - [09/May/2016:14:44:44 +0000] "DELETE /mobius-yt/ae_test HTTP/1.1" 403 - "-" "-"
::ffff:203.254.173.181 - - [09/May/2016:14:44:44 +0000] "DELETE /mobius-yt/myACP HTTP/1.1" 200 - "-" "-"
::ffff:203.254.173.212 - - [09/May/2016:14:44:45 +0000] "POST /mobius-yt/keti_adn/testcon HTTP/1.1" 201 - "-" "Apache-HttpClient/4.3.3 (java 1.5)"
::ffff:203.254.173.181 - - [09/May/2016:14:44:46 +0000] "POST /mobius-yt HTTP/1.1" 201 - "-" "-"
::ffff:203.254.173.181 - - [09/May/2016:14:44:46 +0000] "POST /mobius-yt HTTP/1.1" 409 - "-" "-"
::ffff:203.254.173.212 - - [09/May/2016:14:44:46 +0000] "GET /mobius-yt/keti_adn/testcon/testcin HTTP/1.1" 200 - "-" "Apache-HttpClient/4.3.3 (java 1.5)"
::ffff:203.254.173.181 - - [09/May/2016:14:44:46 +0000] "POST /mobius-yt HTTP/1.1" 409 - "-" "-"
::ffff:203.254.173.181 - - [09/May/2016:14:44:46 +0000] "POST /mobius-yt HTTP/1.1" 409 - "-" "-"
::ffff:203.254.173.212 - - [09/May/2016:14:44:47 +0000] "DELETE /mobius-yt/keti_adn/testcon/testcin HTTP/1.1" 200 - "-" "Apache-HttpClient/4.3.3 (java 1.5)"
::ffff:203.254.173.181 - - [09/May/2016:14:44:47 +0000] "POST /mobius-yt HTTP/1.1" 409 - "-" "-"
::ffff:203.254.173.181 - - [09/May/2016:14:44:47 +0000] "POST /mobius-yt HTTP/1.1" 409 - "-" "-"
::ffff:203.254.173.181 - - [09/May/2016:14:44:48 +0000] "POST /mobius-yt HTTP/1.1" 409 - "-" "-"
::ffff:203.254.173.181 - - [09/May/2016:14:44:48 +0000] "POST /mobius-yt HTTP/1.1" 409 - "-" "-"
::ffff:203.254.173.181 - - [09/May/2016:14:44:49 +0000] "POST /mobius-yt HTTP/1.1" 409 - "-" "-"
::ffff:203.254.173.181 - - [09/May/2016:14:44:49 +0000] "POST /mobius-yt HTTP/1.1" 409 - "-" "-"
::ffff:203.254.173.181 - - [09/May/2016:14:44:49 +0000] "POST /mobius-yt HTTP/1.1" 409 - "-" "-"
::ffff:203.254.173.181 - - [09/May/2016:14:44:49 +0000] "POST /mobius-yt HTTP/1.1" 409 - "-" "-"
::ffff:203.254.173.181 - - [09/May/2016:14:44:50 +0000] "POST /mobius-yt HTTP/1.1" 409 - "-" "-"
::ffff:203.254.173.181 - - [09/May/2016:14:44:50 +0000] "POST /mobius-yt HTTP/1.1" 409 - "-" "-"
::ffff:203.254.173.181 - - [09/May/2016:14:44:51 +0000] "POST /mobius-yt HTTP/1.1" 409 - "-" "-"
::ffff:203.254.173.181 - - [09/May/2016:14:44:51 +0000] "POST /mobius-yt HTTP/1.1" 409 - "-" "-"
::ffff:203.254.173.212 - - [09/May/2016:14:44:51 +0000] "POST /mobius-yt/keti_adn/testcon HTTP/1.1" 400 - "-" "Apache-HttpClient/4.3.3 (java 1.5)"
::ffff:203.254.173.181 - - [09/May/2016:14:44:52 +0000] "POST /mobius-yt HTTP/1.1" 409 - "-" "-"
::ffff:203.254.173.181 - - [09/May/2016:14:44:52 +0000] "POST /mobius-yt HTTP/1.1" 409 - "-" "-"
::ffff:203.254.173.181 - - [09/May/2016:14:44:52 +0000] "POST /mobius-yt HTTP/1.1" 409 - "-" "-"
::ffff:203.254.173.181 - - [09/May/2016:14:44:52 +0000] "POST /mobius-yt HTTP/1.1" 409 - "-" "-"
::ffff:203.254.173.181 - - [09/May/2016:14:44:53 +0000] "POST /mobius-yt HTTP/1.1" 409 - "-" "-"
::ffff:203.254.173.181 - - [09/May/2016:14:44:53 +0000] "POST /mobius-yt HTTP/1.1" 409 - "-" "-"
::ffff:203.254.173.181 - - [09/May/2016:14:44:54 +0000] "POST /mobius-yt HTTP/1.1" 409 - "-" "-"
::ffff:203.254.173.181 - - [09/May/2016:14:44:54 +0000] "POST /mobius-yt HTTP/1.1" 409 - "-" "-"
::ffff:203.254.173.181 - - [09/May/2016:14:44:55 +0000] "POST /mobius-yt HTTP/1.1" 409 - "-" "-"
::ffff:203.254.173.181 - - [09/May/2016:14:44:55 +0000] "POST /mobius-yt HTTP/1.1" 409 - "-" "-"
::ffff:203.254.173.181 - - [09/May/2016:14:44:56 +0000] "POST /mobius-yt HTTP/1.1" 409 - "-" "-"
::ffff:203.254.173.181 - - [09/May/2016:14:44:56 +0000] "POST /mobius-yt HTTP/1.1" 409 - "-" "-"
::ffff:203.254.173.181 - - [09/May/2016:14:44:58 +0000] "POST /mobius-yt HTTP/1.1" 409 - "-" "-"
::ffff:203.254.173.181 - - [09/May/2016:14:44:58 +0000] "POST /mobius-yt HTTP/1.1" 409 - "-" "-"
::ffff:203.254.173.181 - - [09/May/2016:14:44:59 +0000] "POST /mobius-yt HTTP/1.1" 409 - "-" "-"
::ffff:203.254.173.181 - - [09/May/2016:14:44:59 +0000] "POST /mobius-yt HTTP/1.1" 409 - "-" "-"
::ffff:203.254.173.181 - - [09/May/2016:14:45:00 +0000] "POST /mobius-yt HTTP/1.1" 409 - "-" "-"
::ffff:203.254.173.181 - - [09/May/2016:14:45:00 +0000] "POST /mobius-yt HTTP/1.1" 409 - "-" "-"
::ffff:203.254.173.181 - - [09/May/2016:14:45:02 +0000] "POST /mobius-yt HTTP/1.1" 409 - "-" "-"
::ffff:203.254.173.181 - - [09/May/2016:14:45:02 +0000] "POST /mobius-yt HTTP/1.1" 409 - "-" "-"
::ffff:203.254.173.181 - - [09/May/2016:14:45:02 +0000] "POST /mobius-yt HTTP/1.1" 409 - "-" "-"
::ffff:203.254.173.181 - - [09/May/2016:14:45:03 +0000] "POST /mobius-yt HTTP/1.1" 409 - "-" "-"
::ffff:203.254.173.181 - - [09/May/2016:14:45:03 +0000] "POST /mobius-yt HTTP/1.1" 409 - "-" "-"
::ffff:203.254.173.181 - - [09/May/2016:14:45:03 +0000] "POST /mobius-yt HTTP/1.1" 409 - "-" "-"
::ffff:203.254.173.181 - - [09/May/2016:14:45:04 +0000] "POST /mobius-yt HTTP/1.1" 409 - "-" "-"
::ffff:203.254.173.181 - - [09/May/2016:14:45:04 +0000] "POST /mobius-yt HTTP/1.1" 409 - "-" "-"
::ffff:203.254.173.181 - - [09/May/2016:14:45:04 +0000] "POST /mobius-yt HTTP/1.1" 409 - "-" "-"
::ffff:203.254.173.181 - - [09/May/2016:14:45:04 +0000] "POST /mobius-yt HTTP/1.1" 409 - "-" "-"
::ffff:203.254.173.181 - - [09/May/2016:14:45:05 +0000] "POST /mobius-yt HTTP/1.1" 409 - "-" "-"
::ffff:203.254.173.181 - - [09/May/2016:14:45:05 +0000] "POST /mobius-yt HTTP/1.1" 409 - "-" "-"
::ffff:203.254.173.181 - - [09/May/2016:14:45:05 +0000] "POST /mobius-yt HTTP/1.1" 409 - "-" "-"
::ffff:203.254.173.181 - - [09/May/2016:14:45:05 +0000] "POST /mobius-yt HTTP/1.1" 409 - "-" "-"
::ffff:203.254.173.181 - - [09/May/2016:14:45:06 +0000] "POST /mobius-yt HTTP/1.1" 409 - "-" "-"
::ffff:203.254.173.181 - - [09/May/2016:14:45:06 +0000] "POST /mobius-yt HTTP/1.1" 409 - "-" "-"
::ffff:203.254.173.181 - - [09/May/2016:14:45:07 +0000] "POST /mobius-yt HTTP/1.1" 409 - "-" "-"
::ffff:203.254.173.181 - - [09/May/2016:14:45:07 +0000] "POST /mobius-yt HTTP/1.1" 409 - "-" "-"
::ffff:203.254.173.181 - - [09/May/2016:14:45:32 +0000] "DELETE /mobius-yt/ae_test HTTP/1.1" 403 - "-" "-"
::ffff:203.254.173.181 - - [09/May/2016:14:45:43 +0000] "POST /mobius-yt HTTP/1.1" 409 - "-" "-"
::ffff:203.254.173.212 - - [09/May/2016:14:46:28 +0000] "POST /mobius-yt/keti_adn/testcon HTTP/1.1" 201 - "-" "Apache-HttpClient/4.3.3 (java 1.5)"
::ffff:203.254.173.212 - - [09/May/2016:14:46:30 +0000] "GET /mobius-yt/keti_adn/testcon/testsub HTTP/1.1" 200 - "-" "Apache-HttpClient/4.3.3 (java 1.5)"
::ffff:203.254.173.212 - - [09/May/2016:14:46:31 +0000] "PUT /mobius-yt/keti_adn/testcon/testsub HTTP/1.1" 200 - "-" "Apache-HttpClient/4.3.3 (java 1.5)"
::ffff:203.254.173.212 - - [09/May/2016:14:46:34 +0000] "DELETE /mobius-yt/keti_adn/testcon/testsub HTTP/1.1" 200 - "-" "Apache-HttpClient/4.3.3 (java 1.5)"
::ffff:203.254.173.212 - - [09/May/2016:14:46:39 +0000] "DELETE /mobius-yt/keti_adn/testcon/testcin HTTP/1.1" 404 - "-" "Apache-HttpClient/4.3.3 (java 1.5)"
::ffff:203.254.173.212 - - [09/May/2016:14:46:42 +0000] "DELETE /mobius-yt/keti_adn/testcon HTTP/1.1" 200 - "-" "Apache-HttpClient/4.3.3 (java 1.5)"
::ffff:203.254.173.212 - - [09/May/2016:14:46:44 +0000] "DELETE /mobius-yt/keti_adn HTTP/1.1" 200 - "-" "Apache-HttpClient/4.3.3 (java 1.5)"
::ffff:203.254.173.212 - - [09/May/2016:14:46:57 +0000] "DELETE /mobius-yt/keti_asn_acp HTTP/1.1" 200 - "-" "Apache-HttpClient/4.3.3 (java 1.5)"
::ffff:203.254.173.181 - - [09/May/2016:14:47:12 +0000] "GET /mobius-yt/ae_test HTTP/1.1" 403 - "-" "Mozilla/5.0 (Windows NT 10.0; WOW64) AppleWebKit/537.36 (KHTML, like Gecko) Chrome/50.0.2661.94 Safari/537.36"
::ffff:203.254.173.212 - - [09/May/2016:14:47:14 +0000] "POST /mobius-yt HTTP/1.1" 201 - "-" "Apache-HttpClient/4.3.3 (java 1.5)"
::ffff:203.254.173.212 - - [09/May/2016:14:47:18 +0000] "POST /mobius-yt HTTP/1.1" 201 - "-" "Apache-HttpClient/4.3.3 (java 1.5)"
::ffff:203.254.173.212 - - [09/May/2016:14:47:19 +0000] "GET /mobius-yt/keti_adn HTTP/1.1" 200 - "-" "Apache-HttpClient/4.3.3 (java 1.5)"
::ffff:203.254.173.212 - - [09/May/2016:14:47:20 +0000] "PUT /mobius-yt/keti_adn HTTP/1.1" 200 - "-" "Apache-HttpClient/4.3.3 (java 1.5)"
::ffff:203.254.173.212 - - [09/May/2016:14:47:22 +0000] "POST /mobius-yt/keti_adn HTTP/1.1" 201 - "-" "Apache-HttpClient/4.3.3 (java 1.5)"
::ffff:203.254.173.181 - - [09/May/2016:14:47:22 +0000] "GET /mobius-yt/ae_test HTTP/1.1" 403 - "-" "Mozilla/5.0 (Windows NT 10.0; WOW64) AppleWebKit/537.36 (KHTML, like Gecko) Chrome/50.0.2661.94 Safari/537.36"
::ffff:203.254.173.212 - - [09/May/2016:14:47:23 +0000] "GET /mobius-yt/keti_adn/testcon HTTP/1.1" 200 - "-" "Apache-HttpClient/4.3.3 (java 1.5)"
::ffff:203.254.173.212 - - [09/May/2016:14:47:23 +0000] "PUT /mobius-yt/keti_adn/testcon HTTP/1.1" 200 - "-" "Apache-HttpClient/4.3.3 (java 1.5)"
::ffff:203.254.173.212 - - [09/May/2016:14:47:26 +0000] "POST /mobius-yt/keti_adn/testcon HTTP/1.1" 201 - "-" "Apache-HttpClient/4.3.3 (java 1.5)"
::ffff:203.254.173.212 - - [09/May/2016:14:47:27 +0000] "GET /mobius-yt/keti_adn/testcon/testcin HTTP/1.1" 200 - "-" "Apache-HttpClient/4.3.3 (java 1.5)"
::ffff:203.254.173.212 - - [09/May/2016:14:47:30 +0000] "POST /mobius-yt/keti_adn/testcon HTTP/1.1" 201 - "-" "Apache-HttpClient/4.3.3 (java 1.5)"
::ffff:203.254.173.212 - - [09/May/2016:14:47:31 +0000] "GET /mobius-yt/keti_adn/testcon/testsub HTTP/1.1" 200 - "-" "Apache-HttpClient/4.3.3 (java 1.5)"
::ffff:203.254.173.212 - - [09/May/2016:14:47:32 +0000] "PUT /mobius-yt/keti_adn/testcon/testsub HTTP/1.1" 200 - "-" "Apache-HttpClient/4.3.3 (java 1.5)"
::ffff:203.254.173.212 - - [09/May/2016:14:47:34 +0000] "DELETE /mobius-yt/keti_adn/testcon/testsub HTTP/1.1" 200 - "-" "Apache-HttpClient/4.3.3 (java 1.5)"
::ffff:203.254.173.212 - - [09/May/2016:14:47:37 +0000] "DELETE /mobius-yt/keti_adn/testcon/testcin HTTP/1.1" 200 - "-" "Apache-HttpClient/4.3.3 (java 1.5)"
::ffff:203.254.173.212 - - [09/May/2016:14:47:40 +0000] "DELETE /mobius-yt/keti_adn/testcon HTTP/1.1" 200 - "-" "Apache-HttpClient/4.3.3 (java 1.5)"
::ffff:203.254.173.212 - - [09/May/2016:14:47:42 +0000] "DELETE /mobius-yt/keti_adn HTTP/1.1" 200 - "-" "Apache-HttpClient/4.3.3 (java 1.5)"
::ffff:203.254.173.181 - - [09/May/2016:14:47:56 +0000] "GET /mobius-yt/myacp HTTP/1.1" 200 - "-" "Mozilla/5.0 (Windows NT 10.0; WOW64) AppleWebKit/537.36 (KHTML, like Gecko) Chrome/50.0.2661.94 Safari/537.36"
::ffff:203.254.173.212 - - [09/May/2016:14:47:59 +0000] "GET /mobius-yt HTTP/1.1" 200 - "-" "Apache-HttpClient/4.3.3 (java 1.5)"
::ffff:203.254.173.181 - - [09/May/2016:14:48:03 +0000] "GET /mobius-yt/ae_test HTTP/1.1" 403 - "-" "Mozilla/5.0 (Windows NT 10.0; WOW64) AppleWebKit/537.36 (KHTML, like Gecko) Chrome/50.0.2661.94 Safari/537.36"
::ffff:203.254.173.212 - - [09/May/2016:14:48:16 +0000] "POST /mobius-yt HTTP/1.1" 400 - "-" "Apache-HttpClient/4.3.3 (java 1.5)"
::ffff:203.254.173.181 - - [09/May/2016:14:48:22 +0000] "PUT /mobius-yt/my_acp4 HTTP/1.1" 200 - "-" "Mozilla/5.0 (Windows NT 10.0; WOW64) AppleWebKit/537.36 (KHTML, like Gecko) Chrome/50.0.2661.94 Safari/537.36"
::ffff:203.254.173.181 - - [09/May/2016:14:48:26 +0000] "PUT /mobius-yt/my_acp4 HTTP/1.1" 200 - "-" "Mozilla/5.0 (Windows NT 10.0; WOW64) AppleWebKit/537.36 (KHTML, like Gecko) Chrome/50.0.2661.94 Safari/537.36"
::ffff:203.254.173.181 - - [09/May/2016:14:49:01 +0000] "GET /mobius-yt/ae_test HTTP/1.1" 403 - "-" "Mozilla/5.0 (Windows NT 10.0; WOW64) AppleWebKit/537.36 (KHTML, like Gecko) Chrome/50.0.2661.94 Safari/537.36"
::ffff:203.254.173.181 - - [09/May/2016:14:49:02 +0000] "GET /mobius-yt/ae_test HTTP/1.1" 403 - "-" "Mozilla/5.0 (Windows NT 10.0; WOW64) AppleWebKit/537.36 (KHTML, like Gecko) Chrome/50.0.2661.94 Safari/537.36"
::ffff:203.254.173.212 - - [09/May/2016:14:49:04 +0000] "POST /mobius-yt HTTP/1.1" 400 - "-" "Apache-HttpClient/4.3.3 (java 1.5)"
::ffff:203.254.173.181 - - [09/May/2016:14:49:20 +0000] "GET /mobius-yt/ae_test HTTP/1.1" 403 - "-" "Mozilla/5.0 (Windows NT 10.0; WOW64) AppleWebKit/537.36 (KHTML, like Gecko) Chrome/50.0.2661.94 Safari/537.36"
::ffff:203.254.173.181 - - [09/May/2016:14:51:06 +0000] "GET /mobius-yt HTTP/1.1" 200 - "-" "Mozilla/5.0 (Windows NT 10.0; WOW64) AppleWebKit/537.36 (KHTML, like Gecko) Chrome/50.0.2661.94 Safari/537.36"
::ffff:203.254.173.181 - - [09/May/2016:14:51:14 +0000] "POST /mobius-yt HTTP/1.1" 409 - "-" "Mozilla/5.0 (Windows NT 10.0; WOW64) AppleWebKit/537.36 (KHTML, like Gecko) Chrome/50.0.2661.94 Safari/537.36"
::ffff:203.254.173.181 - - [09/May/2016:14:51:21 +0000] "GET /mobius-yt/keti_cse HTTP/1.1" 200 - "-" "Mozilla/5.0 (Windows NT 10.0; WOW64) AppleWebKit/537.36 (KHTML, like Gecko) Chrome/50.0.2661.94 Safari/537.36"
::ffff:203.254.173.181 - - [09/May/2016:14:51:26 +0000] "PUT /mobius-yt/keti_cse HTTP/1.1" 200 - "-" "Mozilla/5.0 (Windows NT 10.0; WOW64) AppleWebKit/537.36 (KHTML, like Gecko) Chrome/50.0.2661.94 Safari/537.36"
::ffff:203.254.173.181 - - [09/May/2016:14:51:36 +0000] "DELETE /mobius-yt/keti_cse HTTP/1.1" 200 - "-" "Mozilla/5.0 (Windows NT 10.0; WOW64) AppleWebKit/537.36 (KHTML, like Gecko) Chrome/50.0.2661.94 Safari/537.36"
::ffff:203.254.173.181 - - [09/May/2016:14:51:40 +0000] "POST /mobius-yt HTTP/1.1" 201 - "-" "Mozilla/5.0 (Windows NT 10.0; WOW64) AppleWebKit/537.36 (KHTML, like Gecko) Chrome/50.0.2661.94 Safari/537.36"
::ffff:203.254.173.181 - - [09/May/2016:14:51:42 +0000] "GET /mobius-yt/keti_cse HTTP/1.1" 200 - "-" "Mozilla/5.0 (Windows NT 10.0; WOW64) AppleWebKit/537.36 (KHTML, like Gecko) Chrome/50.0.2661.94 Safari/537.36"
::ffff:203.254.173.181 - - [09/May/2016:14:51:45 +0000] "PUT /mobius-yt/keti_cse HTTP/1.1" 200 - "-" "Mozilla/5.0 (Windows NT 10.0; WOW64) AppleWebKit/537.36 (KHTML, like Gecko) Chrome/50.0.2661.94 Safari/537.36"
::ffff:203.254.173.181 - - [09/May/2016:14:51:48 +0000] "POST /mobius-yt/keti_cse HTTP/1.1" 201 - "-" "Mozilla/5.0 (Windows NT 10.0; WOW64) AppleWebKit/537.36 (KHTML, like Gecko) Chrome/50.0.2661.94 Safari/537.36"
::ffff:203.254.173.181 - - [09/May/2016:14:51:50 +0000] "GET /mobius-yt/keti_cse/keti_ae HTTP/1.1" 200 - "-" "Mozilla/5.0 (Windows NT 10.0; WOW64) AppleWebKit/537.36 (KHTML, like Gecko) Chrome/50.0.2661.94 Safari/537.36"
::ffff:203.254.173.181 - - [09/May/2016:14:51:52 +0000] "PUT /mobius-yt/keti_cse/keti_ae HTTP/1.1" 200 - "-" "Mozilla/5.0 (Windows NT 10.0; WOW64) AppleWebKit/537.36 (KHTML, like Gecko) Chrome/50.0.2661.94 Safari/537.36"
::ffff:203.254.173.181 - - [09/May/2016:14:51:54 +0000] "DELETE /mobius-yt/keti_cse/keti_ae HTTP/1.1" 200 - "-" "Mozilla/5.0 (Windows NT 10.0; WOW64) AppleWebKit/537.36 (KHTML, like Gecko) Chrome/50.0.2661.94 Safari/537.36"
::ffff:203.254.173.181 - - [09/May/2016:14:51:56 +0000] "POST /mobius-yt/keti_cse HTTP/1.1" 201 - "-" "Mozilla/5.0 (Windows NT 10.0; WOW64) AppleWebKit/537.36 (KHTML, like Gecko) Chrome/50.0.2661.94 Safari/537.36"
::ffff:203.254.173.181 - - [09/May/2016:14:51:58 +0000] "POST /mobius-yt/keti_cse/keti_ae HTTP/1.1" 201 - "-" "Mozilla/5.0 (Windows NT 10.0; WOW64) AppleWebKit/537.36 (KHTML, like Gecko) Chrome/50.0.2661.94 Safari/537.36"
::ffff:203.254.173.181 - - [09/May/2016:14:52:00 +0000] "GET /mobius-yt/keti_cse/keti_ae/temp1 HTTP/1.1" 200 - "-" "Mozilla/5.0 (Windows NT 10.0; WOW64) AppleWebKit/537.36 (KHTML, like Gecko) Chrome/50.0.2661.94 Safari/537.36"
::ffff:203.254.173.181 - - [09/May/2016:14:52:02 +0000] "PUT /mobius-yt/keti_cse/keti_ae/temp2 HTTP/1.1" 404 - "-" "Mozilla/5.0 (Windows NT 10.0; WOW64) AppleWebKit/537.36 (KHTML, like Gecko) Chrome/50.0.2661.94 Safari/537.36"
::ffff:203.254.173.181 - - [09/May/2016:14:52:08 +0000] "PUT /mobius-yt/keti_cse/keti_ae/temp1 HTTP/1.1" 200 - "-" "Mozilla/5.0 (Windows NT 10.0; WOW64) AppleWebKit/537.36 (KHTML, like Gecko) Chrome/50.0.2661.94 Safari/537.36"
::ffff:203.254.173.181 - - [09/May/2016:14:52:17 +0000] "DELETE /mobius-yt/keti_cse/keti_ae/temp1 HTTP/1.1" 200 - "-" "Mozilla/5.0 (Windows NT 10.0; WOW64) AppleWebKit/537.36 (KHTML, like Gecko) Chrome/50.0.2661.94 Safari/537.36"
::ffff:203.254.173.181 - - [09/May/2016:14:52:22 +0000] "GET /mobius-yt/keti_cse/keti_ae/temp1 HTTP/1.1" 404 - "-" "Mozilla/5.0 (Windows NT 10.0; WOW64) AppleWebKit/537.36 (KHTML, like Gecko) Chrome/50.0.2661.94 Safari/537.36"
::ffff:203.254.173.181 - - [09/May/2016:14:52:24 +0000] "POST /mobius-yt/keti_cse/keti_ae HTTP/1.1" 201 - "-" "Mozilla/5.0 (Windows NT 10.0; WOW64) AppleWebKit/537.36 (KHTML, like Gecko) Chrome/50.0.2661.94 Safari/537.36"
::ffff:203.254.173.181 - - [09/May/2016:14:52:29 +0000] "POST /mobius-yt/keti_cse/keti_ae/temp1 HTTP/1.1" 201 - "-" "Mozilla/5.0 (Windows NT 10.0; WOW64) AppleWebKit/537.36 (KHTML, like Gecko) Chrome/50.0.2661.94 Safari/537.36"
::ffff:203.254.173.181 - - [09/May/2016:14:52:31 +0000] "GET /mobius-yt/keti_cse/keti_ae/temp1/latest HTTP/1.1" 200 - "-" "Mozilla/5.0 (Windows NT 10.0; WOW64) AppleWebKit/537.36 (KHTML, like Gecko) Chrome/50.0.2661.94 Safari/537.36"
::ffff:203.254.173.181 - - [09/May/2016:14:52:35 +0000] "DELETE /mobius-yt/keti_cse/keti_ae/temp1/4-20160501073931553oqRc HTTP/1.1" 404 - "-" "Mozilla/5.0 (Windows NT 10.0; WOW64) AppleWebKit/537.36 (KHTML, like Gecko) Chrome/50.0.2661.94 Safari/537.36"
::ffff:203.254.173.181 - - [09/May/2016:14:52:41 +0000] "GET /mobius-yt/keti_cse/keti_ae/temp1/latest HTTP/1.1" 200 - "-" "Mozilla/5.0 (Windows NT 10.0; WOW64) AppleWebKit/537.36 (KHTML, like Gecko) Chrome/50.0.2661.94 Safari/537.36"
::ffff:203.254.173.181 - - [09/May/2016:14:53:03 +0000] "DELETE /mobius-yt/keti_cse/keti_ae/temp1/4-20160509145229096Hpe8 HTTP/1.1" 200 - "-" "Mozilla/5.0 (Windows NT 10.0; WOW64) AppleWebKit/537.36 (KHTML, like Gecko) Chrome/50.0.2661.94 Safari/537.36"
::ffff:203.254.173.181 - - [09/May/2016:14:53:05 +0000] "POST /mobius-yt/keti_cse/keti_ae/temp1 HTTP/1.1" 201 - "-" "Mozilla/5.0 (Windows NT 10.0; WOW64) AppleWebKit/537.36 (KHTML, like Gecko) Chrome/50.0.2661.94 Safari/537.36"
::ffff:203.254.173.181 - - [09/May/2016:14:53:08 +0000] "GET /mobius-yt/keti_cse?fu=1 HTTP/1.1" 200 - "-" "Mozilla/5.0 (Windows NT 10.0; WOW64) AppleWebKit/537.36 (KHTML, like Gecko) Chrome/50.0.2661.94 Safari/537.36"
::1 - - [09/May/2016:14:53:10 +0000] "POST /mobius-yt HTTP/1.1" 409 - "-" "Mozilla/5.0 (Windows NT 10.0; WOW64) AppleWebKit/537.36 (KHTML, like Gecko) Chrome/50.0.2661.94 Safari/537.36"
::ffff:203.254.173.181 - - [09/May/2016:14:53:12 +0000] "GET /mobius-yt/keti_cse?fu=1&lbl=%22temperature%22 HTTP/1.1" 404 - "-" "Mozilla/5.0 (Windows NT 10.0; WOW64) AppleWebKit/537.36 (KHTML, like Gecko) Chrome/50.0.2661.94 Safari/537.36"
::ffff:203.254.173.181 - - [09/May/2016:14:53:15 +0000] "GET /mobius-yt/keti_cse?fu=1&lim=2 HTTP/1.1" 200 - "-" "Mozilla/5.0 (Windows NT 10.0; WOW64) AppleWebKit/537.36 (KHTML, like Gecko) Chrome/50.0.2661.94 Safari/537.36"
::ffff:203.254.173.181 - - [09/May/2016:14:53:19 +0000] "GET /mobius-yt/keti_cse?fu=2&lim=2 HTTP/1.1" 200 - "-" "Mozilla/5.0 (Windows NT 10.0; WOW64) AppleWebKit/537.36 (KHTML, like Gecko) Chrome/50.0.2661.94 Safari/537.36"
::ffff:203.254.173.181 - - [09/May/2016:14:53:24 +0000] "GET /mobius-yt/keti_cse?fu=1&lbl=%22inside_temperature%22 HTTP/1.1" 404 - "-" "Mozilla/5.0 (Windows NT 10.0; WOW64) AppleWebKit/537.36 (KHTML, like Gecko) Chrome/50.0.2661.94 Safari/537.36"
::ffff:203.254.173.181 - - [09/May/2016:14:53:27 +0000] "POST /mobius-yt/keti_cse/keti_ae/temp1 HTTP/1.1" 201 - "-" "Mozilla/5.0 (Windows NT 10.0; WOW64) AppleWebKit/537.36 (KHTML, like Gecko) Chrome/50.0.2661.94 Safari/537.36"
::ffff:203.254.173.181 - - [09/May/2016:14:53:29 +0000] "GET /mobius-yt/keti_cse/keti_ae/temp1/sub_monitor HTTP/1.1" 200 - "-" "Mozilla/5.0 (Windows NT 10.0; WOW64) AppleWebKit/537.36 (KHTML, like Gecko) Chrome/50.0.2661.94 Safari/537.36"
::ffff:203.254.173.181 - - [09/May/2016:14:53:32 +0000] "PUT /mobius-yt/keti_cse/keti_ae/temp1/sub_monitor HTTP/1.1" 200 - "-" "Mozilla/5.0 (Windows NT 10.0; WOW64) AppleWebKit/537.36 (KHTML, like Gecko) Chrome/50.0.2661.94 Safari/537.36"
::ffff:203.254.173.181 - - [09/May/2016:14:53:39 +0000] "DELETE /mobius-yt/keti_cse/keti_ae/temp1/sub_monitor HTTP/1.1" 200 - "-" "Mozilla/5.0 (Windows NT 10.0; WOW64) AppleWebKit/537.36 (KHTML, like Gecko) Chrome/50.0.2661.94 Safari/537.36"
::ffff:203.254.173.181 - - [09/May/2016:14:53:42 +0000] "POST /mobius-yt/keti_cse/keti_ae/temp1 HTTP/1.1" 201 - "-" "Mozilla/5.0 (Windows NT 10.0; WOW64) AppleWebKit/537.36 (KHTML, like Gecko) Chrome/50.0.2661.94 Safari/537.36"
::ffff:203.254.173.181 - - [09/May/2016:14:53:52 +0000] "POST /mobius-yt/keti_cse/keti_ae HTTP/1.1" 201 - "-" "Mozilla/5.0 (Windows NT 10.0; WOW64) AppleWebKit/537.36 (KHTML, like Gecko) Chrome/50.0.2661.94 Safari/537.36"
::ffff:203.254.173.181 - - [09/May/2016:14:53:54 +0000] "GET /mobius-yt/keti_cse/keti_ae/my_acp HTTP/1.1" 200 - "-" "Mozilla/5.0 (Windows NT 10.0; WOW64) AppleWebKit/537.36 (KHTML, like Gecko) Chrome/50.0.2661.94 Safari/537.36"
::1 - - [09/May/2016:14:53:57 +0000] "POST /mobius-yt HTTP/1.1" 409 - "-" "Mozilla/5.0 (Windows NT 10.0; WOW64) AppleWebKit/537.36 (KHTML, like Gecko) Chrome/50.0.2661.94 Safari/537.36"
::1 - - [09/May/2016:14:54:03 +0000] "POST /mobius-yt HTTP/1.1" 201 - "-" "Mozilla/5.0 (Windows NT 10.0; WOW64) AppleWebKit/537.36 (KHTML, like Gecko) Chrome/50.0.2661.94 Safari/537.36"
::ffff:203.254.173.181 - - [09/May/2016:14:54:03 +0000] "PUT /mobius-yt/keti_cse/keti_ae/my_acp HTTP/1.1" 200 - "-" "Mozilla/5.0 (Windows NT 10.0; WOW64) AppleWebKit/537.36 (KHTML, like Gecko) Chrome/50.0.2661.94 Safari/537.36"
::ffff:203.254.173.181 - - [09/May/2016:14:54:13 +0000] "PUT /mobius-yt/keti_cse/keti_ae/my_acp HTTP/1.1" 200 - "-" "Mozilla/5.0 (Windows NT 10.0; WOW64) AppleWebKit/537.36 (KHTML, like Gecko) Chrome/50.0.2661.94 Safari/537.36"
::ffff:203.254.173.181 - - [09/May/2016:14:54:19 +0000] "DELETE /mobius-yt/keti_cse/keti_ae/my_acp HTTP/1.1" 200 - "-" "Mozilla/5.0 (Windows NT 10.0; WOW64) AppleWebKit/537.36 (KHTML, like Gecko) Chrome/50.0.2661.94 Safari/537.36"
::ffff:203.254.173.181 - - [09/May/2016:14:54:24 +0000] "DELETE /mobius-yt/keti_cse/keti_ae/my_acp HTTP/1.1" 404 - "-" "Mozilla/5.0 (Windows NT 10.0; WOW64) AppleWebKit/537.36 (KHTML, like Gecko) Chrome/50.0.2661.94 Safari/537.36"
::ffff:203.254.173.181 - - [09/May/2016:14:54:27 +0000] "POST /mobius-yt/keti_cse/keti_ae HTTP/1.1" 201 - "-" "Mozilla/5.0 (Windows NT 10.0; WOW64) AppleWebKit/537.36 (KHTML, like Gecko) Chrome/50.0.2661.94 Safari/537.36"
::ffff:203.254.173.181 - - [09/May/2016:14:54:30 +0000] "GET /mobius-yt/keti_cse/keti_ae/my_acp HTTP/1.1" 200 - "-" "Mozilla/5.0 (Windows NT 10.0; WOW64) AppleWebKit/537.36 (KHTML, like Gecko) Chrome/50.0.2661.94 Safari/537.36"
::ffff:203.254.173.181 - - [09/May/2016:14:54:44 +0000] "PUT /mobius-yt/keti_cse/keti_ae/my_acp HTTP/1.1" 200 - "-" "Mozilla/5.0 (Windows NT 10.0; WOW64) AppleWebKit/537.36 (KHTML, like Gecko) Chrome/50.0.2661.94 Safari/537.36"
::ffff:203.254.173.181 - - [09/May/2016:14:54:59 +0000] "GET /mobius-yt/my_acp HTTP/1.1" 404 - "-" "Mozilla/5.0 (Windows NT 10.0; WOW64) AppleWebKit/537.36 (KHTML, like Gecko) Chrome/50.0.2661.94 Safari/537.36"
::ffff:203.254.173.181 - - [09/May/2016:14:55:03 +0000] "GET /mobius-yt/myacp HTTP/1.1" 200 - "-" "Mozilla/5.0 (Windows NT 10.0; WOW64) AppleWebKit/537.36 (KHTML, like Gecko) Chrome/50.0.2661.94 Safari/537.36"
::ffff:203.254.173.181 - - [09/May/2016:14:55:13 +0000] "GET /mobius-yt/ae_test HTTP/1.1" 403 - "-" "Mozilla/5.0 (Windows NT 10.0; WOW64) AppleWebKit/537.36 (KHTML, like Gecko) Chrome/50.0.2661.94 Safari/537.36"
::ffff:203.254.173.181 - - [09/May/2016:14:59:00 +0000] "GET /mobius-yt/ae_test HTTP/1.1" 200 - "-" "Mozilla/5.0 (Windows NT 10.0; WOW64) AppleWebKit/537.36 (KHTML, like Gecko) Chrome/50.0.2661.94 Safari/537.36"
::ffff:127.0.0.1 - - [09/May/2016:14:59:10 +0000] "POST /mobius-yt HTTP/1.1" 201 - "-" "-"
::ffff:127.0.0.1 - - [09/May/2016:14:59:11 +0000] "POST /mobius-yt/1377184 HTTP/1.1" 201 - "-" "-"
::ffff:127.0.0.1 - - [09/May/2016:14:59:12 +0000] "POST /mobius-yt/1377184 HTTP/1.1" 201 - "-" "-"
::ffff:127.0.0.1 - - [09/May/2016:14:59:13 +0000] "DELETE /mobius-yt/1377184/ss_11_ctrl/sub_ss_11_ctrl HTTP/1.1" 404 - "-" "-"
::ffff:127.0.0.1 - - [09/May/2016:14:59:14 +0000] "POST /mobius-yt/1377184/ss_11_ctrl HTTP/1.1" 201 - "-" "-"
::ffff:127.0.0.1 - - [09/May/2016:14:59:15 +0000] "POST /mobius-yt/1377184/ss_11 HTTP/1.1" 201 - "-" "-"
::ffff:127.0.0.1 - - [09/May/2016:14:59:16 +0000] "POST /mobius-yt/1377184/ss_11 HTTP/1.1" 201 - "-" "-"
::ffff:127.0.0.1 - - [09/May/2016:14:59:17 +0000] "POST /mobius-yt/1377184/ss_11 HTTP/1.1" 201 - "-" "-"
::ffff:127.0.0.1 - - [09/May/2016:14:59:18 +0000] "POST /mobius-yt/1377184/ss_11 HTTP/1.1" 201 - "-" "-"
::ffff:127.0.0.1 - - [09/May/2016:14:59:19 +0000] "POST /mobius-yt/1377184/ss_11 HTTP/1.1" 201 - "-" "-"
::ffff:127.0.0.1 - - [09/May/2016:14:59:20 +0000] "POST /mobius-yt/1377184/ss_11 HTTP/1.1" 201 - "-" "-"
::ffff:127.0.0.1 - - [09/May/2016:14:59:21 +0000] "POST /mobius-yt/1377184/ss_11 HTTP/1.1" 201 - "-" "-"
::ffff:127.0.0.1 - - [09/May/2016:14:59:22 +0000] "POST /mobius-yt/1377184/ss_11 HTTP/1.1" 201 - "-" "-"
::ffff:203.254.173.181 - - [09/May/2016:14:59:23 +0000] "GET /mobius-yt HTTP/1.1" 200 - "-" "-"
::ffff:203.254.173.181 - - [09/May/2016:14:59:23 +0000] "DELETE /mobius-yt/ae_test HTTP/1.1" 200 - "-" "-"
::ffff:127.0.0.1 - - [09/May/2016:14:59:23 +0000] "POST /mobius-yt/1377184/ss_11 HTTP/1.1" 201 - "-" "-"
::ffff:203.254.173.181 - - [09/May/2016:14:59:23 +0000] "POST /mobius-yt HTTP/1.1" 201 - "-" "-"
::ffff:203.254.173.181 - - [09/May/2016:14:59:23 +0000] "DELETE /mobius-yt/ae_test HTTP/1.1" 200 - "-" "-"
::ffff:127.0.0.1 - - [09/May/2016:14:59:24 +0000] "POST /mobius-yt/1377184/ss_11 HTTP/1.1" 201 - "-" "-"
::ffff:203.254.173.181 - - [09/May/2016:14:59:24 +0000] "DELETE /mobius-yt/ae_test HTTP/1.1" 404 - "-" "-"
::ffff:203.254.173.181 - - [09/May/2016:14:59:24 +0000] "POST /mobius-yt HTTP/1.1" 409 - "-" "-"
::ffff:203.254.173.181 - - [09/May/2016:14:59:24 +0000] "POST /mobius-yt HTTP/1.1" 201 - "-" "-"
::ffff:203.254.173.181 - - [09/May/2016:14:59:24 +0000] "POST /mobius-yt/ae_test HTTP/1.1" 403 - "-" "-"
::ffff:203.254.173.181 - - [09/May/2016:14:59:24 +0000] "DELETE /mobius-yt/ae_test HTTP/1.1" 403 - "-" "-"
::ffff:203.254.173.181 - - [09/May/2016:14:59:24 +0000] "DELETE /mobius-yt/myACP HTTP/1.1" 200 - "-" "-"
::ffff:127.0.0.1 - - [09/May/2016:14:59:25 +0000] "POST /mobius-yt/1377184/ss_11 HTTP/1.1" 201 - "-" "-"
::ffff:203.254.173.181 - - [09/May/2016:14:59:26 +0000] "POST /mobius-yt HTTP/1.1" 201 - "-" "-"
::ffff:203.254.173.181 - - [09/May/2016:14:59:26 +0000] "POST /mobius-yt HTTP/1.1" 409 - "-" "-"
::ffff:127.0.0.1 - - [09/May/2016:14:59:26 +0000] "POST /mobius-yt/1377184/ss_11 HTTP/1.1" 201 - "-" "-"
::ffff:203.254.173.181 - - [09/May/2016:14:59:27 +0000] "POST /mobius-yt HTTP/1.1" 409 - "-" "-"
::ffff:203.254.173.181 - - [09/May/2016:14:59:27 +0000] "POST /mobius-yt HTTP/1.1" 409 - "-" "-"
::ffff:127.0.0.1 - - [09/May/2016:14:59:27 +0000] "POST /mobius-yt/1377184/ss_11 HTTP/1.1" 201 - "-" "-"
::ffff:203.254.173.181 - - [09/May/2016:14:59:27 +0000] "POST /mobius-yt HTTP/1.1" 409 - "-" "-"
::ffff:203.254.173.181 - - [09/May/2016:14:59:27 +0000] "POST /mobius-yt HTTP/1.1" 409 - "-" "-"
::ffff:127.0.0.1 - - [09/May/2016:14:59:28 +0000] "POST /mobius-yt/1377184/ss_11 HTTP/1.1" 201 - "-" "-"
::ffff:203.254.173.181 - - [09/May/2016:14:59:28 +0000] "POST /mobius-yt HTTP/1.1" 409 - "-" "-"
::ffff:203.254.173.181 - - [09/May/2016:14:59:28 +0000] "POST /mobius-yt HTTP/1.1" 409 - "-" "-"
::ffff:203.254.173.181 - - [09/May/2016:14:59:29 +0000] "POST /mobius-yt HTTP/1.1" 409 - "-" "-"
::ffff:203.254.173.181 - - [09/May/2016:14:59:29 +0000] "POST /mobius-yt HTTP/1.1" 409 - "-" "-"
::ffff:127.0.0.1 - - [09/May/2016:14:59:29 +0000] "POST /mobius-yt/1377184/ss_11 HTTP/1.1" 201 - "-" "-"
::ffff:203.254.173.181 - - [09/May/2016:14:59:30 +0000] "POST /mobius-yt HTTP/1.1" 409 - "-" "-"
::ffff:203.254.173.181 - - [09/May/2016:14:59:30 +0000] "POST /mobius-yt HTTP/1.1" 409 - "-" "-"
::ffff:127.0.0.1 - - [09/May/2016:14:59:30 +0000] "POST /mobius-yt/1377184/ss_11 HTTP/1.1" 201 - "-" "-"
::ffff:203.254.173.181 - - [09/May/2016:14:59:30 +0000] "POST /mobius-yt HTTP/1.1" 409 - "-" "-"
::ffff:203.254.173.181 - - [09/May/2016:14:59:30 +0000] "POST /mobius-yt HTTP/1.1" 409 - "-" "-"
::ffff:127.0.0.1 - - [09/May/2016:14:59:31 +0000] "POST /mobius-yt/1377184/ss_11 HTTP/1.1" 201 - "-" "-"
::ffff:203.254.173.181 - - [09/May/2016:14:59:31 +0000] "POST /mobius-yt HTTP/1.1" 409 - "-" "-"
::ffff:203.254.173.181 - - [09/May/2016:14:59:31 +0000] "POST /mobius-yt HTTP/1.1" 409 - "-" "-"
::ffff:203.254.173.181 - - [09/May/2016:14:59:32 +0000] "POST /mobius-yt HTTP/1.1" 409 - "-" "-"
::ffff:203.254.173.181 - - [09/May/2016:14:59:32 +0000] "POST /mobius-yt HTTP/1.1" 409 - "-" "-"
::ffff:127.0.0.1 - - [09/May/2016:14:59:32 +0000] "POST /mobius-yt/1377184/ss_11 HTTP/1.1" 201 - "-" "-"
::ffff:203.254.173.181 - - [09/May/2016:14:59:33 +0000] "POST /mobius-yt HTTP/1.1" 409 - "-" "-"
::ffff:203.254.173.181 - - [09/May/2016:14:59:33 +0000] "POST /mobius-yt HTTP/1.1" 409 - "-" "-"
::ffff:127.0.0.1 - - [09/May/2016:14:59:33 +0000] "POST /mobius-yt/1377184/ss_11 HTTP/1.1" 201 - "-" "-"
::ffff:203.254.173.181 - - [09/May/2016:14:59:33 +0000] "POST /mobius-yt HTTP/1.1" 409 - "-" "-"
::ffff:203.254.173.181 - - [09/May/2016:14:59:33 +0000] "POST /mobius-yt HTTP/1.1" 409 - "-" "-"
::ffff:127.0.0.1 - - [09/May/2016:14:59:34 +0000] "POST /mobius-yt/1377184/ss_11 HTTP/1.1" 201 - "-" "-"
::ffff:203.254.173.181 - - [09/May/2016:14:59:34 +0000] "POST /mobius-yt HTTP/1.1" 409 - "-" "-"
::ffff:203.254.173.181 - - [09/May/2016:14:59:34 +0000] "POST /mobius-yt HTTP/1.1" 409 - "-" "-"
::ffff:203.254.173.181 - - [09/May/2016:14:59:35 +0000] "POST /mobius-yt HTTP/1.1" 409 - "-" "-"
::ffff:203.254.173.181 - - [09/May/2016:14:59:35 +0000] "POST /mobius-yt HTTP/1.1" 409 - "-" "-"
::ffff:127.0.0.1 - - [09/May/2016:14:59:35 +0000] "POST /mobius-yt/1377184/ss_11 HTTP/1.1" 201 - "-" "-"
::ffff:203.254.173.181 - - [09/May/2016:14:59:36 +0000] "POST /mobius-yt HTTP/1.1" 409 - "-" "-"
::ffff:203.254.173.181 - - [09/May/2016:14:59:36 +0000] "POST /mobius-yt HTTP/1.1" 409 - "-" "-"
::ffff:127.0.0.1 - - [09/May/2016:14:59:36 +0000] "POST /mobius-yt/1377184/ss_11 HTTP/1.1" 201 - "-" "-"
::ffff:203.254.173.181 - - [09/May/2016:14:59:36 +0000] "POST /mobius-yt HTTP/1.1" 409 - "-" "-"
::ffff:203.254.173.181 - - [09/May/2016:14:59:36 +0000] "POST /mobius-yt HTTP/1.1" 409 - "-" "-"
::ffff:203.254.173.181 - - [09/May/2016:14:59:37 +0000] "POST /mobius-yt HTTP/1.1" 409 - "-" "-"
::ffff:127.0.0.1 - - [09/May/2016:14:59:37 +0000] "POST /mobius-yt/1377184/ss_11 HTTP/1.1" 201 - "-" "-"
::ffff:203.254.173.181 - - [09/May/2016:14:59:37 +0000] "POST /mobius-yt HTTP/1.1" 409 - "-" "-"
::ffff:203.254.173.181 - - [09/May/2016:14:59:38 +0000] "POST /mobius-yt HTTP/1.1" 409 - "-" "-"
::ffff:203.254.173.181 - - [09/May/2016:14:59:38 +0000] "POST /mobius-yt HTTP/1.1" 409 - "-" "-"
::ffff:127.0.0.1 - - [09/May/2016:14:59:38 +0000] "POST /mobius-yt/1377184/ss_11 HTTP/1.1" 201 - "-" "-"
::ffff:203.254.173.181 - - [09/May/2016:14:59:38 +0000] "POST /mobius-yt HTTP/1.1" 409 - "-" "-"
::ffff:203.254.173.181 - - [09/May/2016:14:59:38 +0000] "POST /mobius-yt HTTP/1.1" 409 - "-" "-"
::ffff:127.0.0.1 - - [09/May/2016:14:59:39 +0000] "POST /mobius-yt/1377184/ss_11 HTTP/1.1" 201 - "-" "-"
::ffff:203.254.173.181 - - [09/May/2016:14:59:39 +0000] "POST /mobius-yt HTTP/1.1" 409 - "-" "-"
::ffff:203.254.173.181 - - [09/May/2016:14:59:39 +0000] "POST /mobius-yt HTTP/1.1" 409 - "-" "-"
